Copyright 1986-2022 Xilinx, Inc. All Rights Reserved. Copyright 2022-2026 Advanced Micro Devices, Inc. All Rights Reserved.
---------------------------------------------------------------------------------------------------------------------------------------------
| Tool Version : Vivado v.2026.1 (win64) Build 6511674 Tue Jun 16 11:02:23 MDT 2026
| Date         : Tue Sep 15 20:12:55 2026
| Host         : Kevin running 64-bit major release  (build 9200)
| Command      : report_timing_summary -delay_type min_max -report_unconstrained -file timing_routed.rpt
| Design       : top
| Device       : 7a35t-cpg236
| Speed File   : -1  PRODUCTION 1.23 2018-06-13
| Design State : Routed
---------------------------------------------------------------------------------------------------------------------------------------------

Timing Summary Report

------------------------------------------------------------------------------------------------
| Timer Settings
| --------------
------------------------------------------------------------------------------------------------

  Enable Multi Corner Analysis               :  Yes
  Enable Pessimism Removal                   :  Yes
  Pessimism Removal Resolution               :  Nearest Common Node
  Enable Input Delay Default Clock           :  No
  Enable Preset / Clear Arcs                 :  No
  Disable Flight Delays                      :  No
  Ignore I/O Paths                           :  No
  Timing Early Launch at Borrowing Latches   :  No
  Borrow Time for Max Delay Exceptions       :  Yes
  Merge Timing Exceptions                    :  Yes
  Inter-SLR Compensation                     :  Conservative

  Corner  Analyze    Analyze    
  Name    Max Paths  Min Paths  
  ------  ---------  ---------  
  Slow    Yes        Yes        
  Fast    Yes        Yes        


------------------------------------------------------------------------------------------------
| Report Methodology
| ------------------
------------------------------------------------------------------------------------------------

No report available as report_methodology has not been run prior. Run report_methodology on the current design for the summary of methodology violations.



check_timing report

Table of Contents
-----------------
1. checking no_clock (0)
2. checking constant_clock (0)
3. checking pulse_width_clock (0)
4. checking unconstrained_internal_endpoints (0)
5. checking no_input_delay (4)
6. checking no_output_delay (25)
7. checking multiple_clock (0)
8. checking generated_clocks (0)
9. checking loops (0)
10. checking partial_input_delay (0)
11. checking partial_output_delay (0)
12. checking latch_loops (0)

1. checking no_clock (0)
------------------------
 There are 0 register/latch pins with no clock.


2. checking constant_clock (0)
------------------------------
 There are 0 register/latch pins with constant_clock.


3. checking pulse_width_clock (0)
---------------------------------
 There are 0 register/latch pins which need pulse_width check


4. checking unconstrained_internal_endpoints (0)
------------------------------------------------
 There are 0 pins that are not constrained for maximum delay.

 There are 0 pins that are not constrained for maximum delay due to constant clock.


5. checking no_input_delay (4)
------------------------------
 There are 4 input ports with no input delay specified. (HIGH)

 There are 0 input ports with no input delay but user has a false path constraint.


6. checking no_output_delay (25)
--------------------------------
 There are 25 ports with no output delay specified. (HIGH)

 There are 0 ports with no output delay but user has a false path constraint

 There are 0 ports with no output delay but with a timing clock defined on it or propagating through it


7. checking multiple_clock (0)
------------------------------
 There are 0 register/latch pins with multiple clocks.


8. checking generated_clocks (0)
--------------------------------
 There are 0 generated clocks that are not connected to a clock source.


9. checking loops (0)
---------------------
 There are 0 combinational loops in the design.


10. checking partial_input_delay (0)
------------------------------------
 There are 0 input ports with partial input delay specified.


11. checking partial_output_delay (0)
-------------------------------------
 There are 0 ports with partial output delay specified.


12. checking latch_loops (0)
----------------------------
 There are 0 combinational latch loops in the design through latch input



------------------------------------------------------------------------------------------------
| Design Timing Summary
| ---------------------
------------------------------------------------------------------------------------------------

    WNS(ns)      TNS(ns)  TNS Failing Endpoints  TNS Total Endpoints      WHS(ns)      THS(ns)  THS Failing Endpoints  THS Total Endpoints     WPWS(ns)     TPWS(ns)  TPWS Failing Endpoints  TPWS Total Endpoints  
    -------      -------  ---------------------  -------------------      -------      -------  ---------------------  -------------------     --------     --------  ----------------------  --------------------  
      0.888        0.000                      0                 3468        0.122        0.000                      0                 3468        4.500        0.000                       0                  1345  


All user specified timing constraints are met.


------------------------------------------------------------------------------------------------
| Clock Summary
| -------------
------------------------------------------------------------------------------------------------

Clock        Waveform(ns)       Period(ns)      Frequency(MHz)
-----        ------------       ----------      --------------
sys_clk_pin  {0.000 5.000}      10.000          100.000         


------------------------------------------------------------------------------------------------
| Intra Clock Table
| -----------------
------------------------------------------------------------------------------------------------

Clock             WNS(ns)      TNS(ns)  TNS Failing Endpoints  TNS Total Endpoints      WHS(ns)      THS(ns)  THS Failing Endpoints  THS Total Endpoints     WPWS(ns)     TPWS(ns)  TPWS Failing Endpoints  TPWS Total Endpoints  
-----             -------      -------  ---------------------  -------------------      -------      -------  ---------------------  -------------------     --------     --------  ----------------------  --------------------  
sys_clk_pin         0.888        0.000                      0                 3240        0.122        0.000                      0                 3240        4.500        0.000                       0                  1345  


------------------------------------------------------------------------------------------------
| Inter Clock Table
| -----------------
------------------------------------------------------------------------------------------------

From Clock    To Clock          WNS(ns)      TNS(ns)  TNS Failing Endpoints  TNS Total Endpoints      WHS(ns)      THS(ns)  THS Failing Endpoints  THS Total Endpoints  
----------    --------          -------      -------  ---------------------  -------------------      -------      -------  ---------------------  -------------------  


------------------------------------------------------------------------------------------------
| Other Path Groups Table
| -----------------------
------------------------------------------------------------------------------------------------

Path Group         From Clock         To Clock               WNS(ns)      TNS(ns)  TNS Failing Endpoints  TNS Total Endpoints      WHS(ns)      THS(ns)  THS Failing Endpoints  THS Total Endpoints  
----------         ----------         --------               -------      -------  ---------------------  -------------------      -------      -------  ---------------------  -------------------  
**async_default**  sys_clk_pin        sys_clk_pin              4.034        0.000                      0                  228        0.441        0.000                      0                  228  


------------------------------------------------------------------------------------------------
| User Ignored Path Table
| -----------------------
------------------------------------------------------------------------------------------------

Path Group    From Clock    To Clock    
----------    ----------    --------    


------------------------------------------------------------------------------------------------
| Unconstrained Path Table
| ------------------------
------------------------------------------------------------------------------------------------

Path Group    From Clock    To Clock    
----------    ----------    --------    
(none)        sys_clk_pin                 
(none)                      sys_clk_pin   


------------------------------------------------------------------------------------------------
| Timing Details
| --------------
------------------------------------------------------------------------------------------------


---------------------------------------------------------------------------------------------------
From Clock:  sys_clk_pin
  To Clock:  sys_clk_pin

Setup :            0  Failing Endpoints,  Worst Slack        0.888ns,  Total Violation        0.000ns
Hold  :            0  Failing Endpoints,  Worst Slack        0.122ns,  Total Violation        0.000ns
PW    :            0  Failing Endpoints,  Worst Slack        4.500ns,  Total Violation        0.000ns
---------------------------------------------------------------------------------------------------


Max Delay Paths
--------------------------------------------------------------------------------------
Slack (MET) :             0.888ns  (required time - arrival time)
  Source:                 u_local_interface/u_buzzer_control/FSM_onehot_state_reg[3]/C
                            (rising edge-triggered cell FDRE clocked by sys_clk_pin  {rise@0.000ns fall@5.000ns period=10.000ns})
  Destination:            u_local_interface/u_buzzer_control/half_cnt_reg[12]/R
                            (rising edge-triggered cell FDRE clocked by sys_clk_pin  {rise@0.000ns fall@5.000ns period=10.000ns})
  Path Group:             sys_clk_pin
  Path Type:              Setup (Max at Slow Process Corner)
  Requirement:            10.000ns  (sys_clk_pin rise@10.000ns - sys_clk_pin rise@0.000ns)
  Data Path Delay:        8.317ns  (logic 3.889ns (46.758%)  route 4.428ns (53.242%))
  Logic Levels:           11  (CARRY4=7 LUT3=1 LUT4=1 LUT5=1 LUT6=1)
  Clock Path Skew:        -0.033ns (DCD - SCD + CPR)
    Destination Clock Delay (DCD):    4.848ns = ( 14.848 - 10.000 ) 
    Source Clock Delay      (SCD):    5.139ns
    Clock Pessimism Removal (CPR):    0.258ns
  Clock Uncertainty:      0.035ns  ((TSJ^2 + TIJ^2)^1/2 + DJ) / 2 + PE
    Total System Jitter     (TSJ):    0.071ns
    Total Input Jitter      (TIJ):    0.000ns
    Discrete Jitter          (DJ):    0.000ns
    Phase Error              (PE):    0.000ns

    Location             Delay type                Incr(ns)  Path(ns)    Netlist Resource(s)
  -------------------------------------------------------------------    -------------------
                         (clock sys_clk_pin rise edge)
                                                      0.000     0.000 r  <hidden>
    W5                                                0.000     0.000 r  clk_i
                         net (fo=0)                   0.000     0.000    clk_i
    W5                   IBUF (Prop_ibuf_I_O)         1.458     1.458 r  clk_i_IBUF_inst/O
                         net (fo=1, routed)           1.967     3.425    clk_i_IBUF
    BUFGCTRL_X0Y0        BUFG (Prop_bufg_I_O)         0.096     3.521 r  clk_i_IBUF_BUFG_inst/O
                         net (fo=1344, routed)        1.618     5.139    u_local_interface/u_buzzer_control/clk_i_IBUF_BUFG
    SLICE_X58Y84         FDRE                                         r  u_local_interface/u_buzzer_control/FSM_onehot_state_reg[3]/C
  -------------------------------------------------------------------    -------------------
    SLICE_X58Y84         FDRE (Prop_fdre_C_Q)         0.419     5.558 f  u_local_interface/u_buzzer_control/FSM_onehot_state_reg[3]/Q
                         net (fo=28, routed)          0.872     6.430    u_local_interface/u_buzzer_control/FSM_onehot_state_reg_n_0_[3]
    SLICE_X61Y86         LUT3 (Prop_lut3_I0_O)        0.296     6.726 r  u_local_interface/u_buzzer_control/state1_carry_i_5__0/O
                         net (fo=1, routed)           0.000     6.726    u_local_interface/u_buzzer_control/state1_carry_i_5__0_n_0
    SLICE_X61Y86         CARRY4 (Prop_carry4_S[1]_CO[3])
                                                      0.550     7.276 r  u_local_interface/u_buzzer_control/state1_carry/CO[3]
                         net (fo=1, routed)           0.000     7.276    u_local_interface/u_buzzer_control/state1_carry_n_0
    SLICE_X61Y87         CARRY4 (Prop_carry4_CI_CO[3])
                                                      0.114     7.390 r  u_local_interface/u_buzzer_control/state1_carry__0/CO[3]
                         net (fo=1, routed)           0.000     7.390    u_local_interface/u_buzzer_control/state1_carry__0_n_0
    SLICE_X61Y88         CARRY4 (Prop_carry4_CI_CO[3])
                                                      0.114     7.504 r  u_local_interface/u_buzzer_control/state1_carry__1/CO[3]
                         net (fo=1, routed)           0.000     7.504    u_local_interface/u_buzzer_control/state1_carry__1_n_0
    SLICE_X61Y89         CARRY4 (Prop_carry4_CI_CO[0])
                                                      0.271     7.775 r  u_local_interface/u_buzzer_control/state0_carry__1_i_11/CO[0]
                         net (fo=3, routed)           0.537     8.312    u_local_interface/u_buzzer_control/state0_carry__1_i_11_n_3
    SLICE_X58Y89         CARRY4 (Prop_carry4_CYINIT_CO[3])
                                                      0.829     9.141 r  u_local_interface/u_buzzer_control/state0_carry__1_i_10/CO[3]
                         net (fo=1, routed)           0.000     9.141    u_local_interface/u_buzzer_control/state0_carry__1_i_10_n_0
    SLICE_X58Y90         CARRY4 (Prop_carry4_CI_O[3])
                                                      0.313     9.454 r  u_local_interface/u_buzzer_control/state0_carry__1_i_9/O[3]
                         net (fo=2, routed)           0.730    10.184    u_local_interface/u_buzzer_control/state1[25]
    SLICE_X58Y88         LUT4 (Prop_lut4_I0_O)        0.306    10.490 r  u_local_interface/u_buzzer_control/state0_carry__1_i_5/O
                         net (fo=1, routed)           0.000    10.490    u_local_interface/u_buzzer_control/state0_carry__1_i_5_n_0
    SLICE_X58Y88         CARRY4 (Prop_carry4_S[3]_CO[3])
                                                      0.401    10.891 r  u_local_interface/u_buzzer_control/state0_carry__1/CO[3]
                         net (fo=2, routed)           0.736    11.627    u_local_interface/u_buzzer_control/state0_carry__1_n_0
    SLICE_X60Y88         LUT6 (Prop_lut6_I3_O)        0.124    11.751 r  u_local_interface/u_buzzer_control/dur_cnt[0]_i_1/O
                         net (fo=28, routed)          0.866    12.617    u_local_interface/u_buzzer_control/dur_cnt[0]_i_1_n_0
    SLICE_X63Y88         LUT5 (Prop_lut5_I0_O)        0.152    12.769 r  u_local_interface/u_buzzer_control/half_cnt[0]_i_1/O
                         net (fo=18, routed)          0.687    13.456    u_local_interface/u_buzzer_control/half_cnt[0]_i_1_n_0
    SLICE_X64Y89         FDRE                                         r  u_local_interface/u_buzzer_control/half_cnt_reg[12]/R
  -------------------------------------------------------------------    -------------------

                         (clock sys_clk_pin rise edge)
                                                     10.000    10.000 r  <hidden>
    W5                                                0.000    10.000 r  clk_i
                         net (fo=0)                   0.000    10.000    clk_i
    W5                   IBUF (Prop_ibuf_I_O)         1.388    11.388 r  clk_i_IBUF_inst/O
                         net (fo=1, routed)           1.862    13.250    clk_i_IBUF
    BUFGCTRL_X0Y0        BUFG (Prop_bufg_I_O)         0.091    13.341 r  clk_i_IBUF_BUFG_inst/O
                         net (fo=1344, routed)        1.507    14.848    u_local_interface/u_buzzer_control/clk_i_IBUF_BUFG
    SLICE_X64Y89         FDRE                                         r  u_local_interface/u_buzzer_control/half_cnt_reg[12]/C
                         clock pessimism              0.258    15.106    <hidden>
                         clock uncertainty           -0.035    15.071    <hidden>
    SLICE_X64Y89         FDRE (Setup_fdre_C_R)       -0.726    14.345    u_local_interface/u_buzzer_control/half_cnt_reg[12]
  -------------------------------------------------------------------
                         required time                         14.345    <hidden>
                         arrival time                         -13.456    <hidden>
  -------------------------------------------------------------------
                         slack                                  0.888    <hidden>





Min Delay Paths
--------------------------------------------------------------------------------------
Slack (MET) :             0.122ns  (arrival time - required time)
  Source:                 u_game_control_top/u_reset_sync/sync_ff_reg[0]/C
                            (rising edge-triggered cell FDPE clocked by sys_clk_pin  {rise@0.000ns fall@5.000ns period=10.000ns})
  Destination:            u_game_control_top/u_reset_sync/sync_ff_reg[1]/D
                            (rising edge-triggered cell FDPE clocked by sys_clk_pin  {rise@0.000ns fall@5.000ns period=10.000ns})
  Path Group:             sys_clk_pin
  Path Type:              Hold (Min at Fast Process Corner)
  Requirement:            0.000ns  (sys_clk_pin rise@0.000ns - sys_clk_pin rise@0.000ns)
  Data Path Delay:        0.197ns  (logic 0.141ns (71.611%)  route 0.056ns (28.389%))
  Logic Levels:           0  
  Clock Path Skew:        0.000ns (DCD - SCD - CPR)
    Destination Clock Delay (DCD):    1.951ns
    Source Clock Delay      (SCD):    1.439ns
    Clock Pessimism Removal (CPR):    0.512ns

    Location             Delay type                Incr(ns)  Path(ns)    Netlist Resource(s)
  -------------------------------------------------------------------    -------------------
                         (clock sys_clk_pin rise edge)
                                                      0.000     0.000 r  <hidden>
    W5                                                0.000     0.000 r  clk_i
                         net (fo=0)                   0.000     0.000    clk_i
    W5                   IBUF (Prop_ibuf_I_O)         0.226     0.226 r  clk_i_IBUF_inst/O
                         net (fo=1, routed)           0.631     0.858    clk_i_IBUF
    BUFGCTRL_X0Y0        BUFG (Prop_bufg_I_O)         0.026     0.884 r  clk_i_IBUF_BUFG_inst/O
                         net (fo=1344, routed)        0.556     1.439    u_game_control_top/u_reset_sync/clk_i_IBUF_BUFG
    SLICE_X43Y66         FDPE                                         r  u_game_control_top/u_reset_sync/sync_ff_reg[0]/C
  -------------------------------------------------------------------    -------------------
    SLICE_X43Y66         FDPE (Prop_fdpe_C_Q)         0.141     1.580 r  u_game_control_top/u_reset_sync/sync_ff_reg[0]/Q
                         net (fo=1, routed)           0.056     1.636    u_game_control_top/u_reset_sync/sync_ff[0]
    SLICE_X43Y66         FDPE                                         r  u_game_control_top/u_reset_sync/sync_ff_reg[1]/D
  -------------------------------------------------------------------    -------------------

                         (clock sys_clk_pin rise edge)
                                                      0.000     0.000 r  <hidden>
    W5                                                0.000     0.000 r  clk_i
                         net (fo=0)                   0.000     0.000    clk_i
    W5                   IBUF (Prop_ibuf_I_O)         0.414     0.414 r  clk_i_IBUF_inst/O
                         net (fo=1, routed)           0.685     1.099    clk_i_IBUF
    BUFGCTRL_X0Y0        BUFG (Prop_bufg_I_O)         0.029     1.128 r  clk_i_IBUF_BUFG_inst/O
                         net (fo=1344, routed)        0.824     1.951    u_game_control_top/u_reset_sync/clk_i_IBUF_BUFG
    SLICE_X43Y66         FDPE                                         r  u_game_control_top/u_reset_sync/sync_ff_reg[1]/C
                         clock pessimism             -0.512     1.439    <hidden>
    SLICE_X43Y66         FDPE (Hold_fdpe_C_D)         0.075     1.514    u_game_control_top/u_reset_sync/sync_ff_reg[1]
  -------------------------------------------------------------------
                         required time                         -1.514    <hidden>
                         arrival time                           1.636    <hidden>
  -------------------------------------------------------------------
                         slack                                  0.122    <hidden>





Pulse Width Checks
--------------------------------------------------------------------------------------
Clock Name:         sys_clk_pin
Waveform(ns):       { 0.000 5.000 }
Period(ns):         10.000
Sources:            { clk_i }

Check Type        Corner  Lib Pin  Reference Pin  Required(ns)  Actual(ns)  Slack(ns)  Location       Pin
Min Period        n/a     BUFG/I   n/a            2.155         10.000      7.845      BUFGCTRL_X0Y0  clk_i_IBUF_BUFG_inst/I
Low Pulse Width   Slow    FDRE/C   n/a            0.500         5.000       4.500      SLICE_X53Y82   correct_pulse_d1_s_reg/C
High Pulse Width  Slow    FDRE/C   n/a            0.500         5.000       4.500      SLICE_X53Y82   correct_pulse_d1_s_reg/C



---------------------------------------------------------------------------------------------------
Path Group:  **async_default**
From Clock:  sys_clk_pin
  To Clock:  sys_clk_pin

Setup :            0  Failing Endpoints,  Worst Slack        4.034ns,  Total Violation        0.000ns
Hold  :            0  Failing Endpoints,  Worst Slack        0.441ns,  Total Violation        0.000ns
---------------------------------------------------------------------------------------------------


Max Delay Paths
--------------------------------------------------------------------------------------
Slack (MET) :             4.034ns  (required time - arrival time)
  Source:                 u_game_control_top/u_reset_sync/sync_ff_reg[1]/C
                            (rising edge-triggered cell FDPE clocked by sys_clk_pin  {rise@0.000ns fall@5.000ns period=10.000ns})
  Destination:            u_game_control_top/u_datapath/revealed_word_o_reg[3]/CLR
                            (recovery check against rising-edge clock sys_clk_pin  {rise@0.000ns fall@5.000ns period=10.000ns})
  Path Group:             **async_default**
  Path Type:              Recovery (Max at Slow Process Corner)
  Requirement:            10.000ns  (sys_clk_pin rise@10.000ns - sys_clk_pin rise@0.000ns)
  Data Path Delay:        5.358ns  (logic 0.419ns (7.820%)  route 4.939ns (92.180%))
  Logic Levels:           0  
  Clock Path Skew:        -0.036ns (DCD - SCD + CPR)
    Destination Clock Delay (DCD):    4.773ns = ( 14.773 - 10.000 ) 
    Source Clock Delay      (SCD):    5.067ns
    Clock Pessimism Removal (CPR):    0.258ns
  Clock Uncertainty:      0.035ns  ((TSJ^2 + TIJ^2)^1/2 + DJ) / 2 + PE
    Total System Jitter     (TSJ):    0.071ns
    Total Input Jitter      (TIJ):    0.000ns
    Discrete Jitter          (DJ):    0.000ns
    Phase Error              (PE):    0.000ns

    Location             Delay type                Incr(ns)  Path(ns)    Netlist Resource(s)
  -------------------------------------------------------------------    -------------------
                         (clock sys_clk_pin rise edge)
                                                      0.000     0.000 r  <hidden>
    W5                                                0.000     0.000 r  clk_i
                         net (fo=0)                   0.000     0.000    clk_i
    W5                   IBUF (Prop_ibuf_I_O)         1.458     1.458 r  clk_i_IBUF_inst/O
                         net (fo=1, routed)           1.967     3.425    clk_i_IBUF
    BUFGCTRL_X0Y0        BUFG (Prop_bufg_I_O)         0.096     3.521 r  clk_i_IBUF_BUFG_inst/O
                         net (fo=1344, routed)        1.546     5.067    u_game_control_top/u_reset_sync/clk_i_IBUF_BUFG
    SLICE_X43Y66         FDPE                                         r  u_game_control_top/u_reset_sync/sync_ff_reg[1]/C
  -------------------------------------------------------------------    -------------------
    SLICE_X43Y66         FDPE (Prop_fdpe_C_Q)         0.419     5.486 f  u_game_control_top/u_reset_sync/sync_ff_reg[1]/Q
                         net (fo=228, routed)         4.939    10.425    u_game_control_top/u_datapath/out[0]
    SLICE_X50Y68         FDCE                                         f  u_game_control_top/u_datapath/revealed_word_o_reg[3]/CLR
  -------------------------------------------------------------------    -------------------

                         (clock sys_clk_pin rise edge)
                                                     10.000    10.000 r  <hidden>
    W5                                                0.000    10.000 r  clk_i
                         net (fo=0)                   0.000    10.000    clk_i
    W5                   IBUF (Prop_ibuf_I_O)         1.388    11.388 r  clk_i_IBUF_inst/O
                         net (fo=1, routed)           1.862    13.250    clk_i_IBUF
    BUFGCTRL_X0Y0        BUFG (Prop_bufg_I_O)         0.091    13.341 r  clk_i_IBUF_BUFG_inst/O
                         net (fo=1344, routed)        1.432    14.773    u_game_control_top/u_datapath/clk_i_IBUF_BUFG
    SLICE_X50Y68         FDCE                                         r  u_game_control_top/u_datapath/revealed_word_o_reg[3]/C
                         clock pessimism              0.258    15.031    <hidden>
                         clock uncertainty           -0.035    14.996    <hidden>
    SLICE_X50Y68         FDCE (Recov_fdce_C_CLR)     -0.536    14.460    u_game_control_top/u_datapath/revealed_word_o_reg[3]
  -------------------------------------------------------------------
                         required time                         14.460    <hidden>
                         arrival time                         -10.425    <hidden>
  -------------------------------------------------------------------
                         slack                                  4.034    <hidden>





Min Delay Paths
--------------------------------------------------------------------------------------
Slack (MET) :             0.441ns  (arrival time - required time)
  Source:                 u_game_control_top/u_reset_sync/sync_ff_reg[1]/C
                            (rising edge-triggered cell FDPE clocked by sys_clk_pin  {rise@0.000ns fall@5.000ns period=10.000ns})
  Destination:            u_game_control_top/u_datapath/revealed_word_o_reg[11]/CLR
                            (removal check against rising-edge clock sys_clk_pin  {rise@0.000ns fall@5.000ns period=10.000ns})
  Path Group:             **async_default**
  Path Type:              Removal (Min at Fast Process Corner)
  Requirement:            0.000ns  (sys_clk_pin rise@0.000ns - sys_clk_pin rise@0.000ns)
  Data Path Delay:        0.329ns  (logic 0.128ns (38.887%)  route 0.201ns (61.113%))
  Logic Levels:           0  
  Clock Path Skew:        0.034ns (DCD - SCD - CPR)
    Destination Clock Delay (DCD):    1.951ns
    Source Clock Delay      (SCD):    1.439ns
    Clock Pessimism Removal (CPR):    0.478ns

    Location             Delay type                Incr(ns)  Path(ns)    Netlist Resource(s)
  -------------------------------------------------------------------    -------------------
                         (clock sys_clk_pin rise edge)
                                                      0.000     0.000 r  <hidden>
    W5                                                0.000     0.000 r  clk_i
                         net (fo=0)                   0.000     0.000    clk_i
    W5                   IBUF (Prop_ibuf_I_O)         0.226     0.226 r  clk_i_IBUF_inst/O
                         net (fo=1, routed)           0.631     0.858    clk_i_IBUF
    BUFGCTRL_X0Y0        BUFG (Prop_bufg_I_O)         0.026     0.884 r  clk_i_IBUF_BUFG_inst/O
                         net (fo=1344, routed)        0.556     1.439    u_game_control_top/u_reset_sync/clk_i_IBUF_BUFG
    SLICE_X43Y66         FDPE                                         r  u_game_control_top/u_reset_sync/sync_ff_reg[1]/C
  -------------------------------------------------------------------    -------------------
    SLICE_X43Y66         FDPE (Prop_fdpe_C_Q)         0.128     1.567 f  u_game_control_top/u_reset_sync/sync_ff_reg[1]/Q
                         net (fo=228, routed)         0.201     1.768    u_game_control_top/u_datapath/out[0]
    SLICE_X47Y67         FDCE                                         f  u_game_control_top/u_datapath/revealed_word_o_reg[11]/CLR
  -------------------------------------------------------------------    -------------------

                         (clock sys_clk_pin rise edge)
                                                      0.000     0.000 r  <hidden>
    W5                                                0.000     0.000 r  clk_i
                         net (fo=0)                   0.000     0.000    clk_i
    W5                   IBUF (Prop_ibuf_I_O)         0.414     0.414 r  clk_i_IBUF_inst/O
                         net (fo=1, routed)           0.685     1.099    clk_i_IBUF
    BUFGCTRL_X0Y0        BUFG (Prop_bufg_I_O)         0.029     1.128 r  clk_i_IBUF_BUFG_inst/O
                         net (fo=1344, routed)        0.823     1.951    u_game_control_top/u_datapath/clk_i_IBUF_BUFG
    SLICE_X47Y67         FDCE                                         r  u_game_control_top/u_datapath/revealed_word_o_reg[11]/C
                         clock pessimism             -0.478     1.473    <hidden>
    SLICE_X47Y67         FDCE (Remov_fdce_C_CLR)     -0.146     1.327    u_game_control_top/u_datapath/revealed_word_o_reg[11]
  -------------------------------------------------------------------
                         required time                         -1.327    <hidden>
                         arrival time                           1.768    <hidden>
  -------------------------------------------------------------------
                         slack                                  0.441    <hidden>





--------------------------------------------------------------------------------------
Path Group:  (none)
From Clock:  sys_clk_pin
  To Clock:  

Max Delay            25 Endpoints
Min Delay            25 Endpoints
--------------------------------------------------------------------------------------


Max Delay Paths
--------------------------------------------------------------------------------------
Slack:                    inf
  Source:                 u_game_control_top/u_countdown_timer/time_remaining_reg[3]/C
                            (rising edge-triggered cell FDCE clocked by sys_clk_pin  {rise@0.000ns fall@5.000ns period=10.000ns})
  Destination:            seg_o[6]
                            (output port)
  Path Group:             (none)
  Path Type:              Max at Slow Process Corner
  Data Path Delay:        12.344ns  (logic 4.780ns (38.726%)  route 7.564ns (61.274%))
  Logic Levels:           4  (LUT4=1 LUT5=1 LUT6=1 OBUF=1)
  Clock Uncertainty:      0.025ns  ((TSJ^2 + TIJ^2)^1/2 + DJ) / 2 + PE
    Total System Jitter     (TSJ):    0.050ns
    Total Input Jitter      (TIJ):    0.000ns
    Discrete Jitter          (DJ):    0.000ns
    Phase Error              (PE):    0.000ns

    Location             Delay type                Incr(ns)  Path(ns)    Netlist Resource(s)
  -------------------------------------------------------------------    -------------------
                         (clock sys_clk_pin rise edge)
                                                      0.000     0.000 r  <hidden>
    W5                                                0.000     0.000 r  clk_i
                         net (fo=0)                   0.000     0.000    clk_i
    W5                   IBUF (Prop_ibuf_I_O)         1.458     1.458 r  clk_i_IBUF_inst/O
                         net (fo=1, routed)           1.967     3.425    clk_i_IBUF
    BUFGCTRL_X0Y0        BUFG (Prop_bufg_I_O)         0.096     3.521 r  clk_i_IBUF_BUFG_inst/O
                         net (fo=1344, routed)        1.554     5.075    u_game_control_top/u_countdown_timer/clk_i_IBUF_BUFG
    SLICE_X54Y85         FDCE                                         r  u_game_control_top/u_countdown_timer/time_remaining_reg[3]/C
  -------------------------------------------------------------------    -------------------
    SLICE_X54Y85         FDCE (Prop_fdce_C_Q)         0.478     5.553 r  u_game_control_top/u_countdown_timer/time_remaining_reg[3]/Q
                         net (fo=8, routed)           0.980     6.533    u_game_control_top/u_countdown_timer/time_remaining_s[3]
    SLICE_X55Y86         LUT5 (Prop_lut5_I4_O)        0.321     6.854 r  u_game_control_top/u_countdown_timer/seg_o_OBUF[6]_inst_i_14/O
                         net (fo=1, routed)           0.658     7.512    u_game_control_top/u_countdown_timer/u_local_interface/bin_tens_return0_in[1]
    SLICE_X54Y86         LUT6 (Prop_lut6_I4_O)        0.326     7.838 r  u_game_control_top/u_countdown_timer/seg_o_OBUF[6]_inst_i_4/O
                         net (fo=7, routed)           1.012     8.850    u_game_control_top/u_countdown_timer/u_local_interface/u_sevenseg_driver/sel0[1]
    SLICE_X55Y88         LUT4 (Prop_lut4_I2_O)        0.124     8.974 r  u_game_control_top/u_countdown_timer/seg_o_OBUF[6]_inst_i_1/O
                         net (fo=1, routed)           4.913    13.888    seg_o_OBUF[6]
    U7                   OBUF (Prop_obuf_I_O)         3.531    17.419 r  seg_o_OBUF[6]_inst/O
                         net (fo=0)                   0.000    17.419    seg_o[6]
    U7                                                                r  seg_o[6]
  -------------------------------------------------------------------    -------------------





Min Delay Paths
--------------------------------------------------------------------------------------
Slack:                    inf
  Source:                 u_local_interface/u_buzzer_control/tone_level_reg/C
                            (rising edge-triggered cell FDRE clocked by sys_clk_pin  {rise@0.000ns fall@5.000ns period=10.000ns})
  Destination:            buzzer_o
                            (output port)
  Path Group:             (none)
  Path Type:              Min at Fast Process Corner
  Data Path Delay:        1.726ns  (logic 1.347ns (78.060%)  route 0.379ns (21.940%))
  Logic Levels:           1  (OBUF=1)
  Clock Uncertainty:      0.025ns  ((TSJ^2 + TIJ^2)^1/2 + DJ) / 2 + PE
    Total System Jitter     (TSJ):    0.050ns
    Total Input Jitter      (TIJ):    0.000ns
    Discrete Jitter          (DJ):    0.000ns
    Phase Error              (PE):    0.000ns

    Location             Delay type                Incr(ns)  Path(ns)    Netlist Resource(s)
  -------------------------------------------------------------------    -------------------
                         (clock sys_clk_pin rise edge)
                                                      0.000     0.000 r  <hidden>
    W5                                                0.000     0.000 r  clk_i
                         net (fo=0)                   0.000     0.000    clk_i
    W5                   IBUF (Prop_ibuf_I_O)         0.226     0.226 r  clk_i_IBUF_inst/O
                         net (fo=1, routed)           0.631     0.858    clk_i_IBUF
    BUFGCTRL_X0Y0        BUFG (Prop_bufg_I_O)         0.026     0.884 r  clk_i_IBUF_BUFG_inst/O
                         net (fo=1344, routed)        0.591     1.474    u_local_interface/u_buzzer_control/clk_i_IBUF_BUFG
    SLICE_X63Y89         FDRE                                         r  u_local_interface/u_buzzer_control/tone_level_reg/C
  -------------------------------------------------------------------    -------------------
    SLICE_X63Y89         FDRE (Prop_fdre_C_Q)         0.141     1.615 r  u_local_interface/u_buzzer_control/tone_level_reg/Q
                         net (fo=2, routed)           0.379     1.994    buzzer_o_OBUF
    J1                   OBUF (Prop_obuf_I_O)         1.206     3.200 r  buzzer_o_OBUF_inst/O
                         net (fo=0)                   0.000     3.200    buzzer_o
    J1                                                                r  buzzer_o
  -------------------------------------------------------------------    -------------------





--------------------------------------------------------------------------------------
Path Group:  (none)
From Clock:  
  To Clock:  sys_clk_pin

Max Delay             7 Endpoints
Min Delay             7 Endpoints
--------------------------------------------------------------------------------------


Max Delay Paths
--------------------------------------------------------------------------------------
Slack:                    inf
  Source:                 btn_sel_i
                            (input port)
  Destination:            u_game_control_top/u_btn_sel/btn_meta_reg/D
                            (rising edge-triggered cell FDCE clocked by sys_clk_pin  {rise@0.000ns fall@5.000ns period=10.000ns})
  Path Group:             (none)
  Path Type:              Setup (Max at Slow Process Corner)
  Data Path Delay:        5.902ns  (logic 1.454ns (24.631%)  route 4.448ns (75.369%))
  Logic Levels:           1  (IBUF=1)
  Clock Path Skew:        4.835ns (DCD - SCD + CPR)
    Destination Clock Delay (DCD):    4.835ns
    Source Clock Delay      (SCD):    0.000ns
    Clock Pessimism Removal (CPR):    0.000ns
  Clock Uncertainty:      0.025ns  ((TSJ^2 + TIJ^2)^1/2 + DJ) / 2 + PE
    Total System Jitter     (TSJ):    0.050ns
    Total Input Jitter      (TIJ):    0.000ns
    Discrete Jitter          (DJ):    0.000ns
    Phase Error              (PE):    0.000ns

    Location             Delay type                Incr(ns)  Path(ns)    Netlist Resource(s)
  -------------------------------------------------------------------    -------------------
    T18                                               0.000     0.000 r  btn_sel_i
                         net (fo=0)                   0.000     0.000    btn_sel_i
    T18                  IBUF (Prop_ibuf_I_O)         1.454     1.454 r  btn_sel_i_IBUF_inst/O
                         net (fo=1, routed)           4.448     5.902    u_game_control_top/u_btn_sel/btn_i
    SLICE_X58Y77         FDCE                                         r  u_game_control_top/u_btn_sel/btn_meta_reg/D
  -------------------------------------------------------------------    -------------------

                         (clock sys_clk_pin rise edge)
                                                      0.000     0.000 r  <hidden>
    W5                                                0.000     0.000 r  clk_i
                         net (fo=0)                   0.000     0.000    clk_i
    W5                   IBUF (Prop_ibuf_I_O)         1.388     1.388 r  clk_i_IBUF_inst/O
                         net (fo=1, routed)           1.862     3.250    clk_i_IBUF
    BUFGCTRL_X0Y0        BUFG (Prop_bufg_I_O)         0.091     3.341 r  clk_i_IBUF_BUFG_inst/O
                         net (fo=1344, routed)        1.494     4.835    u_game_control_top/u_btn_sel/clk_i_IBUF_BUFG
    SLICE_X58Y77         FDCE                                         r  u_game_control_top/u_btn_sel/btn_meta_reg/C





Min Delay Paths
--------------------------------------------------------------------------------------
Slack:                    inf
  Source:                 uart_rx_i
                            (input port)
  Destination:            u_uart_protocol_top/uart_peripheral_inst/uart_core/receiver/rx_data_meta_reg/D
                            (rising edge-triggered cell FDSE clocked by sys_clk_pin  {rise@0.000ns fall@5.000ns period=10.000ns})
  Path Group:             (none)
  Path Type:              Hold (Min at Fast Process Corner)
  Data Path Delay:        1.245ns  (logic 0.224ns (18.018%)  route 1.021ns (81.982%))
  Logic Levels:           1  (IBUF=1)
  Clock Path Skew:        1.955ns (DCD - SCD - CPR)
    Destination Clock Delay (DCD):    1.955ns
    Source Clock Delay      (SCD):    0.000ns
    Clock Pessimism Removal (CPR):    -0.000ns

    Location             Delay type                Incr(ns)  Path(ns)    Netlist Resource(s)
  -------------------------------------------------------------------    -------------------
    B18                                               0.000     0.000 r  uart_rx_i
                         net (fo=0)                   0.000     0.000    uart_rx_i
    B18                  IBUF (Prop_ibuf_I_O)         0.224     0.224 r  uart_rx_i_IBUF_inst/O
                         net (fo=1, routed)           1.021     1.245    u_uart_protocol_top/uart_peripheral_inst/uart_core/receiver/uart_rx_i_IBUF
    SLICE_X36Y89         FDSE                                         r  u_uart_protocol_top/uart_peripheral_inst/uart_core/receiver/rx_data_meta_reg/D
  -------------------------------------------------------------------    -------------------

                         (clock sys_clk_pin rise edge)
                                                      0.000     0.000 r  <hidden>
    W5                                                0.000     0.000 r  clk_i
                         net (fo=0)                   0.000     0.000    clk_i
    W5                   IBUF (Prop_ibuf_I_O)         0.414     0.414 r  clk_i_IBUF_inst/O
                         net (fo=1, routed)           0.685     1.099    clk_i_IBUF
    BUFGCTRL_X0Y0        BUFG (Prop_bufg_I_O)         0.029     1.128 r  clk_i_IBUF_BUFG_inst/O
                         net (fo=1344, routed)        0.827     1.955    u_uart_protocol_top/uart_peripheral_inst/uart_core/receiver/clk_i_IBUF_BUFG
    SLICE_X36Y89         FDSE                                         r  u_uart_protocol_top/uart_peripheral_inst/uart_core/receiver/rx_data_meta_reg/C





