Copyright 1986-2022 Xilinx, Inc. All Rights Reserved. Copyright 2022-2026 Advanced Micro Devices, Inc. All Rights Reserved.
---------------------------------------------------------------------------------------------------------------------------------------------------------------------------------------
| Tool Version : Vivado v.2026.1 (win64) Build 6511674 Tue Jun 16 11:02:23 MDT 2026
| Date         : Sun Oct  4 16:31:42 2026
| Host         : Kenneth running 64-bit major release  (build 9200)
| Command      : report_timing_summary -file C:/Taller-Diseno-de-Sistemas-Digitales/Proyecto3_Batalla_Naval/docs/informe/resultados/vga_entradas/15_subsystem2_timing_summary_impl.rpt
| Design       : subsystem2_basys3_test_top
| Device       : 7a35t-cpg236
| Speed File   : -1  PRODUCTION 1.23 2018-06-13
| Design State : Routed
---------------------------------------------------------------------------------------------------------------------------------------------------------------------------------------

Timing Summary Report

------------------------------------------------------------------------------------------------
| Timer Settings
| --------------
------------------------------------------------------------------------------------------------

  Enable Multi Corner Analysis               :  Yes
  Enable Pessimism Removal                   :  Yes
  Pessimism Removal Resolution               :  Nearest Common Node
  Enable Input Delay Default Clock           :  No
  Enable Preset / Clear Arcs                 :  No
  Disable Flight Delays                      :  No
  Ignore I/O Paths                           :  No
  Timing Early Launch at Borrowing Latches   :  No
  Borrow Time for Max Delay Exceptions       :  Yes
  Merge Timing Exceptions                    :  Yes
  Inter-SLR Compensation                     :  Conservative

  Corner  Analyze    Analyze    
  Name    Max Paths  Min Paths  
  ------  ---------  ---------  
  Slow    Yes        Yes        
  Fast    Yes        Yes        


------------------------------------------------------------------------------------------------
| Report Methodology
| ------------------
------------------------------------------------------------------------------------------------

Rule       Severity  Description                                 Violations  
---------  --------  ------------------------------------------  ----------  
LUTAR-1    Warning   LUT drives async reset alert                1           
SYNTH-6    Warning   Timing of a RAM block might be sub-optimal  1           
TIMING-18  Warning   Missing input or output delay               37          

Note: This report is based on the most recent report_methodology run and may not be up-to-date. Run report_methodology on the current design for the latest report.



check_timing report

Table of Contents
-----------------
1. checking no_clock (0)
2. checking constant_clock (0)
3. checking pulse_width_clock (0)
4. checking unconstrained_internal_endpoints (0)
5. checking no_input_delay (8)
6. checking no_output_delay (22)
7. checking multiple_clock (0)
8. checking generated_clocks (0)
9. checking loops (0)
10. checking partial_input_delay (0)
11. checking partial_output_delay (0)
12. checking latch_loops (0)

1. checking no_clock (0)
------------------------
 There are 0 register/latch pins with no clock.


2. checking constant_clock (0)
------------------------------
 There are 0 register/latch pins with constant_clock.


3. checking pulse_width_clock (0)
---------------------------------
 There are 0 register/latch pins which need pulse_width check


4. checking unconstrained_internal_endpoints (0)
------------------------------------------------
 There are 0 pins that are not constrained for maximum delay.

 There are 0 pins that are not constrained for maximum delay due to constant clock.


5. checking no_input_delay (8)
------------------------------
 There are 8 input ports with no input delay specified. (HIGH)

 There are 0 input ports with no input delay but user has a false path constraint.


6. checking no_output_delay (22)
--------------------------------
 There are 22 ports with no output delay specified. (HIGH)

 There are 0 ports with no output delay but user has a false path constraint

 There are 0 ports with no output delay but with a timing clock defined on it or propagating through it


7. checking multiple_clock (0)
------------------------------
 There are 0 register/latch pins with multiple clocks.


8. checking generated_clocks (0)
--------------------------------
 There are 0 generated clocks that are not connected to a clock source.


9. checking loops (0)
---------------------
 There are 0 combinational loops in the design.


10. checking partial_input_delay (0)
------------------------------------
 There are 0 input ports with partial input delay specified.


11. checking partial_output_delay (0)
-------------------------------------
 There are 0 ports with partial output delay specified.


12. checking latch_loops (0)
----------------------------
 There are 0 combinational latch loops in the design through latch input



------------------------------------------------------------------------------------------------
| Design Timing Summary
| ---------------------
------------------------------------------------------------------------------------------------

    WNS(ns)      TNS(ns)  TNS Failing Endpoints  TNS Total Endpoints      WHS(ns)      THS(ns)  THS Failing Endpoints  THS Total Endpoints     WPWS(ns)     TPWS(ns)  TPWS Failing Endpoints  TPWS Total Endpoints  
    -------      -------  ---------------------  -------------------      -------      -------  ---------------------  -------------------     --------     --------  ----------------------  --------------------  
      4.612        0.000                      0                  430        0.122        0.000                      0                  430        3.000        0.000                       0                   220  


All user specified timing constraints are met.


------------------------------------------------------------------------------------------------
| Clock Summary
| -------------
------------------------------------------------------------------------------------------------

Clock                       Waveform(ns)       Period(ns)      Frequency(MHz)
-----                       ------------       ----------      --------------
sys_clk_pin                 {0.000 5.000}      10.000          100.000         
  clk_out1_pixel_clock_wiz  {0.000 20.000}     40.000          25.000          
  clkfbout_pixel_clock_wiz  {0.000 5.000}      10.000          100.000         


------------------------------------------------------------------------------------------------
| Intra Clock Table
| -----------------
------------------------------------------------------------------------------------------------

Clock                           WNS(ns)      TNS(ns)  TNS Failing Endpoints  TNS Total Endpoints      WHS(ns)      THS(ns)  THS Failing Endpoints  THS Total Endpoints     WPWS(ns)     TPWS(ns)  TPWS Failing Endpoints  TPWS Total Endpoints  
-----                           -------      -------  ---------------------  -------------------      -------      -------  ---------------------  -------------------     --------     --------  ----------------------  --------------------  
sys_clk_pin                       4.612        0.000                      0                  351        0.122        0.000                      0                  351        3.000        0.000                       0                   183  
  clk_out1_pixel_clock_wiz       34.435        0.000                      0                   79        0.122        0.000                      0                   79       19.500        0.000                       0                    34  
  clkfbout_pixel_clock_wiz                                                                                                                                                    7.845        0.000                       0                     3  


------------------------------------------------------------------------------------------------
| Inter Clock Table
| -----------------
------------------------------------------------------------------------------------------------

From Clock    To Clock          WNS(ns)      TNS(ns)  TNS Failing Endpoints  TNS Total Endpoints      WHS(ns)      THS(ns)  THS Failing Endpoints  THS Total Endpoints  
----------    --------          -------      -------  ---------------------  -------------------      -------      -------  ---------------------  -------------------  


------------------------------------------------------------------------------------------------
| Other Path Groups Table
| -----------------------
------------------------------------------------------------------------------------------------

Path Group    From Clock    To Clock          WNS(ns)      TNS(ns)  TNS Failing Endpoints  TNS Total Endpoints      WHS(ns)      THS(ns)  THS Failing Endpoints  THS Total Endpoints  
----------    ----------    --------          -------      -------  ---------------------  -------------------      -------      -------  ---------------------  -------------------  


------------------------------------------------------------------------------------------------
| Timing Details
| --------------
------------------------------------------------------------------------------------------------


---------------------------------------------------------------------------------------------------
From Clock:  sys_clk_pin
  To Clock:  sys_clk_pin

Setup :            0  Failing Endpoints,  Worst Slack        4.612ns,  Total Violation        0.000ns
Hold  :            0  Failing Endpoints,  Worst Slack        0.122ns,  Total Violation        0.000ns
PW    :            0  Failing Endpoints,  Worst Slack        3.000ns,  Total Violation        0.000ns
---------------------------------------------------------------------------------------------------


Max Delay Paths
--------------------------------------------------------------------------------------
Slack (MET) :             4.612ns  (required time - arrival time)
  Source:                 init_col_q_reg[3]/C
                            (rising edge-triggered cell FDRE clocked by sys_clk_pin  {rise@0.000ns fall@5.000ns period=10.000ns})
  Destination:            u_subsystem2/u_video_memory/memory_reg/DIADI[9]
                            (rising edge-triggered cell RAMB18E1 clocked by sys_clk_pin  {rise@0.000ns fall@5.000ns period=10.000ns})
  Path Group:             sys_clk_pin
  Path Type:              Setup (Max at Slow Process Corner)
  Requirement:            10.000ns  (sys_clk_pin rise@10.000ns - sys_clk_pin rise@0.000ns)
  Data Path Delay:        4.352ns  (logic 1.290ns (29.641%)  route 3.062ns (70.359%))
  Logic Levels:           3  (LUT2=2 LUT6=1)
  Clock Path Skew:        -0.061ns (DCD - SCD + CPR)
    Destination Clock Delay (DCD):    4.823ns = ( 14.823 - 10.000 ) 
    Source Clock Delay      (SCD):    5.142ns
    Clock Pessimism Removal (CPR):    0.258ns
  Clock Uncertainty:      0.035ns  ((TSJ^2 + TIJ^2)^1/2 + DJ) / 2 + PE
    Total System Jitter     (TSJ):    0.071ns
    Total Input Jitter      (TIJ):    0.000ns
    Discrete Jitter          (DJ):    0.000ns
    Phase Error              (PE):    0.000ns

    Location             Delay type                Incr(ns)  Path(ns)    Netlist Resource(s)
  -------------------------------------------------------------------    -------------------
                         (clock sys_clk_pin rise edge)
                                                      0.000     0.000 r  <hidden>
    W5                                                0.000     0.000 r  clk
                         net (fo=0)                   0.000     0.000    clk
    W5                   IBUF (Prop_ibuf_I_O)         1.458     1.458 r  clk_IBUF_inst/O
                         net (fo=1, routed)           1.967     3.425    clk_IBUF
    BUFGCTRL_X0Y0        BUFG (Prop_bufg_I_O)         0.096     3.521 r  clk_IBUF_BUFG_inst/O
                         net (fo=182, routed)         1.621     5.142    clk_IBUF_BUFG
    SLICE_X60Y87         FDRE                                         r  init_col_q_reg[3]/C
  -------------------------------------------------------------------    -------------------
    SLICE_X60Y87         FDRE (Prop_fdre_C_Q)         0.478     5.620 r  init_col_q_reg[3]/Q
                         net (fo=14, routed)          1.004     6.624    u_subsystem2/u_video_memory/memory_reg_2[3]
    SLICE_X58Y87         LUT2 (Prop_lut2_I1_O)        0.327     6.951 f  u_subsystem2/u_video_memory/memory_reg_i_40/O
                         net (fo=1, routed)           0.720     7.672    u_subsystem2/u_video_memory/memory_reg_i_40_n_0
    SLICE_X58Y86         LUT6 (Prop_lut6_I0_O)        0.332     8.004 f  u_subsystem2/u_video_memory/memory_reg_i_28/O
                         net (fo=7, routed)           0.801     8.804    u_subsystem2/u_video_memory/memory_reg_i_28_n_0
    SLICE_X59Y85         LUT2 (Prop_lut2_I1_O)        0.153     8.957 r  u_subsystem2/u_video_memory/memory_reg_i_12/O
                         net (fo=1, routed)           0.537     9.494    u_subsystem2/u_video_memory/memory_reg_i_12_n_0
    RAMB18_X2Y34         RAMB18E1                                     r  u_subsystem2/u_video_memory/memory_reg/DIADI[9]
  -------------------------------------------------------------------    -------------------

                         (clock sys_clk_pin rise edge)
                                                     10.000    10.000 r  <hidden>
    W5                                                0.000    10.000 r  clk
                         net (fo=0)                   0.000    10.000    clk
    W5                   IBUF (Prop_ibuf_I_O)         1.388    11.388 r  clk_IBUF_inst/O
                         net (fo=1, routed)           1.862    13.250    clk_IBUF
    BUFGCTRL_X0Y0        BUFG (Prop_bufg_I_O)         0.091    13.341 r  clk_IBUF_BUFG_inst/O
                         net (fo=182, routed)         1.482    14.823    u_subsystem2/u_video_memory/clk_IBUF_BUFG
    RAMB18_X2Y34         RAMB18E1                                     r  u_subsystem2/u_video_memory/memory_reg/CLKARDCLK
                         clock pessimism              0.258    15.081    <hidden>
                         clock uncertainty           -0.035    15.046    <hidden>
    RAMB18_X2Y34         RAMB18E1 (Setup_ramb18e1_CLKARDCLK_DIADI[9])
                                                     -0.940    14.106    u_subsystem2/u_video_memory/memory_reg
  -------------------------------------------------------------------
                         required time                         14.106    <hidden>
                         arrival time                          -9.494    <hidden>
  -------------------------------------------------------------------
                         slack                                  4.612    <hidden>





Min Delay Paths
--------------------------------------------------------------------------------------
Slack (MET) :             0.122ns  (arrival time - required time)
  Source:                 u_subsystem2/u_player1_inputs/gen_inputs[1].u_input_sync/sync_ff1_q_reg/C
                            (rising edge-triggered cell FDRE clocked by sys_clk_pin  {rise@0.000ns fall@5.000ns period=10.000ns})
  Destination:            u_subsystem2/u_player1_inputs/gen_inputs[1].u_input_sync/sync_ff2_q_reg/D
                            (rising edge-triggered cell FDRE clocked by sys_clk_pin  {rise@0.000ns fall@5.000ns period=10.000ns})
  Path Group:             sys_clk_pin
  Path Type:              Hold (Min at Fast Process Corner)
  Requirement:            0.000ns  (sys_clk_pin rise@0.000ns - sys_clk_pin rise@0.000ns)
  Data Path Delay:        0.197ns  (logic 0.141ns (71.611%)  route 0.056ns (28.389%))
  Logic Levels:           0  
  Clock Path Skew:        0.000ns (DCD - SCD - CPR)
    Destination Clock Delay (DCD):    1.992ns
    Source Clock Delay      (SCD):    1.477ns
    Clock Pessimism Removal (CPR):    0.515ns

    Location             Delay type                Incr(ns)  Path(ns)    Netlist Resource(s)
  -------------------------------------------------------------------    -------------------
                         (clock sys_clk_pin rise edge)
                                                      0.000     0.000 r  <hidden>
    W5                                                0.000     0.000 r  clk
                         net (fo=0)                   0.000     0.000    clk
    W5                   IBUF (Prop_ibuf_I_O)         0.226     0.226 r  clk_IBUF_inst/O
                         net (fo=1, routed)           0.631     0.858    clk_IBUF
    BUFGCTRL_X0Y0        BUFG (Prop_bufg_I_O)         0.026     0.884 r  clk_IBUF_BUFG_inst/O
                         net (fo=182, routed)         0.594     1.477    u_subsystem2/u_player1_inputs/gen_inputs[1].u_input_sync/clk_IBUF_BUFG
    SLICE_X3Y41          FDRE                                         r  u_subsystem2/u_player1_inputs/gen_inputs[1].u_input_sync/sync_ff1_q_reg/C
  -------------------------------------------------------------------    -------------------
    SLICE_X3Y41          FDRE (Prop_fdre_C_Q)         0.141     1.618 r  u_subsystem2/u_player1_inputs/gen_inputs[1].u_input_sync/sync_ff1_q_reg/Q
                         net (fo=1, routed)           0.056     1.674    u_subsystem2/u_player1_inputs/gen_inputs[1].u_input_sync/sync_ff1_q
    SLICE_X3Y41          FDRE                                         r  u_subsystem2/u_player1_inputs/gen_inputs[1].u_input_sync/sync_ff2_q_reg/D
  -------------------------------------------------------------------    -------------------

                         (clock sys_clk_pin rise edge)
                                                      0.000     0.000 r  <hidden>
    W5                                                0.000     0.000 r  clk
                         net (fo=0)                   0.000     0.000    clk
    W5                   IBUF (Prop_ibuf_I_O)         0.414     0.414 r  clk_IBUF_inst/O
                         net (fo=1, routed)           0.685     1.099    clk_IBUF
    BUFGCTRL_X0Y0        BUFG (Prop_bufg_I_O)         0.029     1.128 r  clk_IBUF_BUFG_inst/O
                         net (fo=182, routed)         0.865     1.992    u_subsystem2/u_player1_inputs/gen_inputs[1].u_input_sync/clk_IBUF_BUFG
    SLICE_X3Y41          FDRE                                         r  u_subsystem2/u_player1_inputs/gen_inputs[1].u_input_sync/sync_ff2_q_reg/C
                         clock pessimism             -0.515     1.477    <hidden>
    SLICE_X3Y41          FDRE (Hold_fdre_C_D)         0.075     1.552    u_subsystem2/u_player1_inputs/gen_inputs[1].u_input_sync/sync_ff2_q_reg
  -------------------------------------------------------------------
                         required time                         -1.552    <hidden>
                         arrival time                           1.674    <hidden>
  -------------------------------------------------------------------
                         slack                                  0.122    <hidden>





Pulse Width Checks
--------------------------------------------------------------------------------------
Clock Name:         sys_clk_pin
Waveform(ns):       { 0.000 5.000 }
Period(ns):         10.000
Sources:            { clk }

Check Type        Corner  Lib Pin             Reference Pin  Required(ns)  Actual(ns)  Slack(ns)  Location         Pin
Min Period        n/a     RAMB18E1/CLKARDCLK  n/a            2.576         10.000      7.424      RAMB18_X2Y34     u_subsystem2/u_video_memory/memory_reg/CLKARDCLK
Max Period        n/a     MMCME2_ADV/CLKIN1   n/a            100.000       10.000      90.000     MMCME2_ADV_X1Y0  u_subsystem2/u_pixel_clock/u_pixel_clock_wiz/inst/mmcm_adv_inst/CLKIN1
Low Pulse Width   Slow    MMCME2_ADV/CLKIN1   n/a            2.000         5.000       3.000      MMCME2_ADV_X1Y0  u_subsystem2/u_pixel_clock/u_pixel_clock_wiz/inst/mmcm_adv_inst/CLKIN1
High Pulse Width  Slow    MMCME2_ADV/CLKIN1   n/a            2.000         5.000       3.000      MMCME2_ADV_X1Y0  u_subsystem2/u_pixel_clock/u_pixel_clock_wiz/inst/mmcm_adv_inst/CLKIN1



---------------------------------------------------------------------------------------------------
From Clock:  clk_out1_pixel_clock_wiz
  To Clock:  clk_out1_pixel_clock_wiz

Setup :            0  Failing Endpoints,  Worst Slack       34.435ns,  Total Violation        0.000ns
Hold  :            0  Failing Endpoints,  Worst Slack        0.122ns,  Total Violation        0.000ns
PW    :            0  Failing Endpoints,  Worst Slack       19.500ns,  Total Violation        0.000ns
---------------------------------------------------------------------------------------------------


Max Delay Paths
--------------------------------------------------------------------------------------
Slack (MET) :             34.435ns  (required time - arrival time)
  Source:                 u_subsystem2/u_vga_timing/h_count_q_reg[7]/C
                            (rising edge-triggered cell FDRE clocked by clk_out1_pixel_clock_wiz  {rise@0.000ns fall@20.000ns period=40.000ns})
  Destination:            u_subsystem2/u_video_memory/memory_reg/ADDRBWRADDR[11]
                            (rising edge-triggered cell RAMB18E1 clocked by clk_out1_pixel_clock_wiz  {rise@0.000ns fall@20.000ns period=40.000ns})
  Path Group:             clk_out1_pixel_clock_wiz
  Path Type:              Setup (Max at Slow Process Corner)
  Requirement:            40.000ns  (clk_out1_pixel_clock_wiz rise@40.000ns - clk_out1_pixel_clock_wiz rise@0.000ns)
  Data Path Delay:        4.922ns  (logic 1.653ns (33.581%)  route 3.269ns (66.419%))
  Logic Levels:           4  (CARRY4=2 LUT2=1 LUT6=1)
  Clock Path Skew:        0.017ns (DCD - SCD + CPR)
    Destination Clock Delay (DCD):    4.821ns = ( 44.821 - 40.000 ) 
    Source Clock Delay      (SCD):    5.075ns
    Clock Pessimism Removal (CPR):    0.271ns
  Clock Uncertainty:      0.094ns  ((TSJ^2 + DJ^2)^1/2) / 2 + PE
    Total System Jitter     (TSJ):    0.071ns
    Discrete Jitter          (DJ):    0.175ns
    Phase Error              (PE):    0.000ns

    Location             Delay type                Incr(ns)  Path(ns)    Netlist Resource(s)
  -------------------------------------------------------------------    -------------------
                         (clock clk_out1_pixel_clock_wiz rise edge)
                                                      0.000     0.000 r  <hidden>
    W5                                                0.000     0.000 r  clk
                         net (fo=0)                   0.000     0.000    clk
    W5                   IBUF (Prop_ibuf_I_O)         1.458     1.458 r  clk_IBUF_inst/O
                         net (fo=1, routed)           1.967     3.425    clk_IBUF
    BUFGCTRL_X0Y0        BUFG (Prop_bufg_I_O)         0.096     3.521 r  clk_IBUF_BUFG_inst/O
                         net (fo=182, routed)         1.575     5.096    u_subsystem2/u_pixel_clock/u_pixel_clock_wiz/inst/clk_in1
    MMCME2_ADV_X1Y0      MMCME2_ADV (Prop_mmcme2_adv_CLKIN1_CLKOUT0)
                                                     -3.333     1.763 r  u_subsystem2/u_pixel_clock/u_pixel_clock_wiz/inst/mmcm_adv_inst/CLKOUT0
                         net (fo=1, routed)           1.661     3.425    u_subsystem2/u_pixel_clock/u_pixel_clock_wiz/inst/clk_out1_pixel_clock_wiz
    BUFGCTRL_X0Y1        BUFG (Prop_bufg_I_O)         0.096     3.521 r  u_subsystem2/u_pixel_clock/u_pixel_clock_wiz/inst/clkout1_buf/O
                         net (fo=32, routed)          1.554     5.075    u_subsystem2/u_vga_timing/CLK
    SLICE_X57Y85         FDRE                                         r  u_subsystem2/u_vga_timing/h_count_q_reg[7]/C
  -------------------------------------------------------------------    -------------------
    SLICE_X57Y85         FDRE (Prop_fdre_C_Q)         0.456     5.531 r  u_subsystem2/u_vga_timing/h_count_q_reg[7]/Q
                         net (fo=18, routed)          1.377     6.908    u_subsystem2/u_vga_timing/h_count_q_reg[8]_0[4]
    SLICE_X60Y83         LUT2 (Prop_lut2_I0_O)        0.124     7.032 r  u_subsystem2/u_vga_timing/tile_addr_o0__0_carry_i_3/O
                         net (fo=1, routed)           0.000     7.032    u_subsystem2/u_tile_renderer/S[0]
    SLICE_X60Y83         CARRY4 (Prop_carry4_S[1]_CO[3])
                                                      0.533     7.565 r  u_subsystem2/u_tile_renderer/tile_addr_o0__0_carry/CO[3]
                         net (fo=1, routed)           0.000     7.565    u_subsystem2/u_tile_renderer/tile_addr_o0__0_carry_n_0
    SLICE_X60Y84         CARRY4 (Prop_carry4_CI_O[2])
                                                      0.239     7.804 r  u_subsystem2/u_tile_renderer/tile_addr_o0__0_carry__0/O[2]
                         net (fo=2, routed)           0.833     8.637    u_subsystem2/u_vga_timing/tile_addr_o0[6]
    SLICE_X58Y84         LUT6 (Prop_lut6_I0_O)        0.301     8.938 r  u_subsystem2/u_vga_timing/memory_reg_i_4/O
                         net (fo=1, routed)           1.059     9.997    u_subsystem2/u_video_memory/ADDRBWRADDR[7]
    RAMB18_X2Y34         RAMB18E1                                     r  u_subsystem2/u_video_memory/memory_reg/ADDRBWRADDR[11]
  -------------------------------------------------------------------    -------------------

                         (clock clk_out1_pixel_clock_wiz rise edge)
                                                     40.000    40.000 r  <hidden>
    W5                                                0.000    40.000 r  clk
                         net (fo=0)                   0.000    40.000    clk
    W5                   IBUF (Prop_ibuf_I_O)         1.388    41.388 r  clk_IBUF_inst/O
                         net (fo=1, routed)           1.862    43.250    clk_IBUF
    BUFGCTRL_X0Y0        BUFG (Prop_bufg_I_O)         0.091    43.341 r  clk_IBUF_BUFG_inst/O
                         net (fo=182, routed)         1.457    44.798    u_subsystem2/u_pixel_clock/u_pixel_clock_wiz/inst/clk_in1
    MMCME2_ADV_X1Y0      MMCME2_ADV (Prop_mmcme2_adv_CLKIN1_CLKOUT0)
                                                     -3.129    41.669 r  u_subsystem2/u_pixel_clock/u_pixel_clock_wiz/inst/mmcm_adv_inst/CLKOUT0
                         net (fo=1, routed)           1.581    43.250    u_subsystem2/u_pixel_clock/u_pixel_clock_wiz/inst/clk_out1_pixel_clock_wiz
    BUFGCTRL_X0Y1        BUFG (Prop_bufg_I_O)         0.091    43.341 r  u_subsystem2/u_pixel_clock/u_pixel_clock_wiz/inst/clkout1_buf/O
                         net (fo=32, routed)          1.480    44.821    u_subsystem2/u_video_memory/CLK
    RAMB18_X2Y34         RAMB18E1                                     r  u_subsystem2/u_video_memory/memory_reg/CLKBWRCLK
                         clock pessimism              0.271    45.092    <hidden>
                         clock uncertainty           -0.094    44.998    <hidden>
    RAMB18_X2Y34         RAMB18E1 (Setup_ramb18e1_CLKBWRCLK_ADDRBWRADDR[11])
                                                     -0.566    44.432    u_subsystem2/u_video_memory/memory_reg
  -------------------------------------------------------------------
                         required time                         44.432    <hidden>
                         arrival time                          -9.997    <hidden>
  -------------------------------------------------------------------
                         slack                                 34.435    <hidden>





Min Delay Paths
--------------------------------------------------------------------------------------
Slack (MET) :             0.122ns  (arrival time - required time)
  Source:                 u_subsystem2/u_pixel_reset_sync/reset_pipe_q_reg[0]/C
                            (rising edge-triggered cell FDPE clocked by clk_out1_pixel_clock_wiz  {rise@0.000ns fall@20.000ns period=40.000ns})
  Destination:            u_subsystem2/u_pixel_reset_sync/reset_pipe_q_reg[1]/D
                            (rising edge-triggered cell FDPE clocked by clk_out1_pixel_clock_wiz  {rise@0.000ns fall@20.000ns period=40.000ns})
  Path Group:             clk_out1_pixel_clock_wiz
  Path Type:              Hold (Min at Fast Process Corner)
  Requirement:            0.000ns  (clk_out1_pixel_clock_wiz rise@0.000ns - clk_out1_pixel_clock_wiz rise@0.000ns)
  Data Path Delay:        0.197ns  (logic 0.141ns (71.611%)  route 0.056ns (28.389%))
  Logic Levels:           0  
  Clock Path Skew:        0.000ns (DCD - SCD - CPR)
    Destination Clock Delay (DCD):    1.982ns
    Source Clock Delay      (SCD):    1.470ns
    Clock Pessimism Removal (CPR):    0.512ns

    Location             Delay type                Incr(ns)  Path(ns)    Netlist Resource(s)
  -------------------------------------------------------------------    -------------------
                         (clock clk_out1_pixel_clock_wiz rise edge)
                                                      0.000     0.000 r  <hidden>
    W5                                                0.000     0.000 r  clk
                         net (fo=0)                   0.000     0.000    clk
    W5                   IBUF (Prop_ibuf_I_O)         0.226     0.226 r  clk_IBUF_inst/O
                         net (fo=1, routed)           0.631     0.858    clk_IBUF
    BUFGCTRL_X0Y0        BUFG (Prop_bufg_I_O)         0.026     0.884 r  clk_IBUF_BUFG_inst/O
                         net (fo=182, routed)         0.549     1.432    u_subsystem2/u_pixel_clock/u_pixel_clock_wiz/inst/clk_in1
    MMCME2_ADV_X1Y0      MMCME2_ADV (Prop_mmcme2_adv_CLKIN1_CLKOUT0)
                                                     -1.061     0.372 r  u_subsystem2/u_pixel_clock/u_pixel_clock_wiz/inst/mmcm_adv_inst/CLKOUT0
                         net (fo=1, routed)           0.486     0.858    u_subsystem2/u_pixel_clock/u_pixel_clock_wiz/inst/clk_out1_pixel_clock_wiz
    BUFGCTRL_X0Y1        BUFG (Prop_bufg_I_O)         0.026     0.884 r  u_subsystem2/u_pixel_clock/u_pixel_clock_wiz/inst/clkout1_buf/O
                         net (fo=32, routed)          0.587     1.470    u_subsystem2/u_pixel_reset_sync/CLK
    SLICE_X59Y83         FDPE                                         r  u_subsystem2/u_pixel_reset_sync/reset_pipe_q_reg[0]/C
  -------------------------------------------------------------------    -------------------
    SLICE_X59Y83         FDPE (Prop_fdpe_C_Q)         0.141     1.611 r  u_subsystem2/u_pixel_reset_sync/reset_pipe_q_reg[0]/Q
                         net (fo=1, routed)           0.056     1.667    u_subsystem2/u_pixel_reset_sync/reset_pipe_q[0]
    SLICE_X59Y83         FDPE                                         r  u_subsystem2/u_pixel_reset_sync/reset_pipe_q_reg[1]/D
  -------------------------------------------------------------------    -------------------

                         (clock clk_out1_pixel_clock_wiz rise edge)
                                                      0.000     0.000 r  <hidden>
    W5                                                0.000     0.000 r  clk
                         net (fo=0)                   0.000     0.000    clk
    W5                   IBUF (Prop_ibuf_I_O)         0.414     0.414 r  clk_IBUF_inst/O
                         net (fo=1, routed)           0.685     1.099    clk_IBUF
    BUFGCTRL_X0Y0        BUFG (Prop_bufg_I_O)         0.029     1.128 r  clk_IBUF_BUFG_inst/O
                         net (fo=182, routed)         0.817     1.944    u_subsystem2/u_pixel_clock/u_pixel_clock_wiz/inst/clk_in1
    MMCME2_ADV_X1Y0      MMCME2_ADV (Prop_mmcme2_adv_CLKIN1_CLKOUT0)
                                                     -1.375     0.569 r  u_subsystem2/u_pixel_clock/u_pixel_clock_wiz/inst/mmcm_adv_inst/CLKOUT0
                         net (fo=1, routed)           0.530     1.099    u_subsystem2/u_pixel_clock/u_pixel_clock_wiz/inst/clk_out1_pixel_clock_wiz
    BUFGCTRL_X0Y1        BUFG (Prop_bufg_I_O)         0.029     1.128 r  u_subsystem2/u_pixel_clock/u_pixel_clock_wiz/inst/clkout1_buf/O
                         net (fo=32, routed)          0.855     1.982    u_subsystem2/u_pixel_reset_sync/CLK
    SLICE_X59Y83         FDPE                                         r  u_subsystem2/u_pixel_reset_sync/reset_pipe_q_reg[1]/C
                         clock pessimism             -0.512     1.470    <hidden>
    SLICE_X59Y83         FDPE (Hold_fdpe_C_D)         0.075     1.545    u_subsystem2/u_pixel_reset_sync/reset_pipe_q_reg[1]
  -------------------------------------------------------------------
                         required time                         -1.545    <hidden>
                         arrival time                           1.667    <hidden>
  -------------------------------------------------------------------
                         slack                                  0.122    <hidden>





Pulse Width Checks
--------------------------------------------------------------------------------------
Clock Name:         clk_out1_pixel_clock_wiz
Waveform(ns):       { 0.000 20.000 }
Period(ns):         40.000
Sources:            { u_subsystem2/u_pixel_clock/u_pixel_clock_wiz/inst/mmcm_adv_inst/CLKOUT0 }

Check Type        Corner  Lib Pin             Reference Pin  Required(ns)  Actual(ns)  Slack(ns)  Location         Pin
Min Period        n/a     RAMB18E1/CLKBWRCLK  n/a            2.576         40.000      37.424     RAMB18_X2Y34     u_subsystem2/u_video_memory/memory_reg/CLKBWRCLK
Max Period        n/a     MMCME2_ADV/CLKOUT0  n/a            213.360       40.000      173.360    MMCME2_ADV_X1Y0  u_subsystem2/u_pixel_clock/u_pixel_clock_wiz/inst/mmcm_adv_inst/CLKOUT0
Low Pulse Width   Slow    FDSE/C              n/a            0.500         20.000      19.500     SLICE_X57Y84     u_subsystem2/vga_hsync_o_reg/C
High Pulse Width  Slow    FDSE/C              n/a            0.500         20.000      19.500     SLICE_X57Y84     u_subsystem2/vga_hsync_o_reg/C



---------------------------------------------------------------------------------------------------
From Clock:  clkfbout_pixel_clock_wiz
  To Clock:  clkfbout_pixel_clock_wiz

Setup :           NA  Failing Endpoints,  Worst Slack           NA  ,  Total Violation           NA
Hold  :           NA  Failing Endpoints,  Worst Slack           NA  ,  Total Violation           NA
PW    :            0  Failing Endpoints,  Worst Slack        7.845ns,  Total Violation        0.000ns
---------------------------------------------------------------------------------------------------


Pulse Width Checks
--------------------------------------------------------------------------------------
Clock Name:         clkfbout_pixel_clock_wiz
Waveform(ns):       { 0.000 5.000 }
Period(ns):         10.000
Sources:            { u_subsystem2/u_pixel_clock/u_pixel_clock_wiz/inst/mmcm_adv_inst/CLKFBOUT }

Check Type  Corner  Lib Pin             Reference Pin  Required(ns)  Actual(ns)  Slack(ns)  Location         Pin
Min Period  n/a     BUFG/I              n/a            2.155         10.000      7.845      BUFGCTRL_X0Y2    u_subsystem2/u_pixel_clock/u_pixel_clock_wiz/inst/clkf_buf/I
Max Period  n/a     MMCME2_ADV/CLKFBIN  n/a            100.000       10.000      90.000     MMCME2_ADV_X1Y0  u_subsystem2/u_pixel_clock/u_pixel_clock_wiz/inst/mmcm_adv_inst/CLKFBIN



