Copyright 1986-2022 Xilinx, Inc. All Rights Reserved. Copyright 2022-2026 Advanced Micro Devices, Inc. All Rights Reserved.
---------------------------------------------------------------------------------------------------------------------------------------------
| Tool Version : Vivado v.2026.1 (win64) Build 6511674 Tue Jun 16 11:02:23 MDT 2026
| Date         : Thu Sep 10 17:55:24 2026
| Host         : Kevin running 64-bit major release  (build 9200)
| Command      : report_timing_summary -file C:/Users/kevin/AppData/Local/Temp/ahorcado_synth_eocp9qxl/build/word_engine/timing_synth.rpt
| Design       : word_engine
| Device       : 7a35t-cpg236
| Speed File   : -1  PRODUCTION 1.23 2018-06-13
| Design State : Synthesized
---------------------------------------------------------------------------------------------------------------------------------------------

Timing Summary Report

------------------------------------------------------------------------------------------------
| Timer Settings
| --------------
------------------------------------------------------------------------------------------------

  Enable Multi Corner Analysis               :  Yes
  Enable Pessimism Removal                   :  Yes
  Pessimism Removal Resolution               :  Nearest Common Node
  Enable Input Delay Default Clock           :  No
  Enable Preset / Clear Arcs                 :  No
  Disable Flight Delays                      :  No
  Ignore I/O Paths                           :  No
  Timing Early Launch at Borrowing Latches   :  No
  Borrow Time for Max Delay Exceptions       :  Yes
  Merge Timing Exceptions                    :  Yes
  Inter-SLR Compensation                     :  Conservative

  Corner  Analyze    Analyze
  Name    Max Paths  Min Paths
  ------  ---------  ---------
  Slow    Yes        Yes
  Fast    Yes        Yes


------------------------------------------------------------------------------------------------
| Report Methodology
| ------------------
------------------------------------------------------------------------------------------------

No report available as report_methodology has not been run prior. Run report_methodology on the current design for the summary of methodology violations.



check_timing report

Table of Contents
-----------------
1. checking no_clock (0)
2. checking constant_clock (0)
3. checking pulse_width_clock (0)
4. checking unconstrained_internal_endpoints (0)
5. checking no_input_delay (12)
6. checking no_output_delay (92)
7. checking multiple_clock (0)
8. checking generated_clocks (0)
9. checking loops (0)
10. checking partial_input_delay (0)
11. checking partial_output_delay (0)
12. checking latch_loops (0)

1. checking no_clock (0)
------------------------
 There are 0 register/latch pins with no clock.


2. checking constant_clock (0)
------------------------------
 There are 0 register/latch pins with constant_clock.


3. checking pulse_width_clock (0)
---------------------------------
 There are 0 register/latch pins which need pulse_width check


4. checking unconstrained_internal_endpoints (0)
------------------------------------------------
 There are 0 pins that are not constrained for maximum delay.

 There are 0 pins that are not constrained for maximum delay due to constant clock.


5. checking no_input_delay (12)
-------------------------------
 There are 12 input ports with no input delay specified. (HIGH)

 There are 0 input ports with no input delay but user has a false path constraint.


6. checking no_output_delay (92)
--------------------------------
 There are 92 ports with no output delay specified. (HIGH)

 There are 0 ports with no output delay but user has a false path constraint

 There are 0 ports with no output delay but with a timing clock defined on it or propagating through it


7. checking multiple_clock (0)
------------------------------
 There are 0 register/latch pins with multiple clocks.


8. checking generated_clocks (0)
--------------------------------
 There are 0 generated clocks that are not connected to a clock source.


9. checking loops (0)
---------------------
 There are 0 combinational loops in the design.


10. checking partial_input_delay (0)
------------------------------------
 There are 0 input ports with partial input delay specified.


11. checking partial_output_delay (0)
-------------------------------------
 There are 0 ports with partial output delay specified.


12. checking latch_loops (0)
----------------------------
 There are 0 combinational latch loops in the design through latch input



------------------------------------------------------------------------------------------------
| Design Timing Summary
| ---------------------
------------------------------------------------------------------------------------------------

    WNS(ns)      TNS(ns)  TNS Failing Endpoints  TNS Total Endpoints      WHS(ns)      THS(ns)  THS Failing Endpoints  THS Total Endpoints     WPWS(ns)     TPWS(ns)  TPWS Failing Endpoints  TPWS Total Endpoints
    -------      -------  ---------------------  -------------------      -------      -------  ---------------------  -------------------     --------     --------  ----------------------  --------------------
      2.654        0.000                      0                  397        0.297        0.000                      0                  397        4.500        0.000                       0                   202


All user specified timing constraints are met.


------------------------------------------------------------------------------------------------
| Clock Summary
| -------------
------------------------------------------------------------------------------------------------

Clock  Waveform(ns)       Period(ns)      Frequency(MHz)
-----  ------------       ----------      --------------
clk    {0.000 5.000}      10.000          100.000


------------------------------------------------------------------------------------------------
| Intra Clock Table
| -----------------
------------------------------------------------------------------------------------------------

Clock             WNS(ns)      TNS(ns)  TNS Failing Endpoints  TNS Total Endpoints      WHS(ns)      THS(ns)  THS Failing Endpoints  THS Total Endpoints     WPWS(ns)     TPWS(ns)  TPWS Failing Endpoints  TPWS Total Endpoints
-----             -------      -------  ---------------------  -------------------      -------      -------  ---------------------  -------------------     --------     --------  ----------------------  --------------------
clk                 2.654        0.000                      0                  397        0.297        0.000                      0                  397        4.500        0.000                       0                   202


------------------------------------------------------------------------------------------------
| Inter Clock Table
| -----------------
------------------------------------------------------------------------------------------------

From Clock    To Clock          WNS(ns)      TNS(ns)  TNS Failing Endpoints  TNS Total Endpoints      WHS(ns)      THS(ns)  THS Failing Endpoints  THS Total Endpoints
----------    --------          -------      -------  ---------------------  -------------------      -------      -------  ---------------------  -------------------


------------------------------------------------------------------------------------------------
| Other Path Groups Table
| -----------------------
------------------------------------------------------------------------------------------------

Path Group    From Clock    To Clock          WNS(ns)      TNS(ns)  TNS Failing Endpoints  TNS Total Endpoints      WHS(ns)      THS(ns)  THS Failing Endpoints  THS Total Endpoints
----------    ----------    --------          -------      -------  ---------------------  -------------------      -------      -------  ---------------------  -------------------


------------------------------------------------------------------------------------------------
| Timing Details
| --------------
------------------------------------------------------------------------------------------------


---------------------------------------------------------------------------------------------------
From Clock:  clk
  To Clock:  clk

Setup :            0  Failing Endpoints,  Worst Slack        2.654ns,  Total Violation        0.000ns
Hold  :            0  Failing Endpoints,  Worst Slack        0.297ns,  Total Violation        0.000ns
PW    :            0  Failing Endpoints,  Worst Slack        4.500ns,  Total Violation        0.000ns
---------------------------------------------------------------------------------------------------


Max Delay Paths
--------------------------------------------------------------------------------------
Slack (MET) :             2.654ns  (required time - arrival time)
  Source:                 used_letters_reg[0]/C
                            (rising edge-triggered cell FDRE clocked by clk  {rise@0.000ns fall@5.000ns period=10.000ns})
  Destination:            word_complete_reg/D
                            (rising edge-triggered cell FDRE clocked by clk  {rise@0.000ns fall@5.000ns period=10.000ns})
  Path Group:             clk
  Path Type:              Setup (Max at Slow Process Corner)
  Requirement:            10.000ns  (clk rise@10.000ns - clk rise@0.000ns)
  Data Path Delay:        7.291ns  (logic 1.916ns (26.279%)  route 5.375ns (73.721%))
  Logic Levels:           8  (LUT2=1 LUT4=1 LUT6=5 MUXF7=1)
  Clock Path Skew:        -0.049ns (DCD - SCD + CPR)
    Destination Clock Delay (DCD):    0.924ns = ( 10.924 - 10.000 )
    Source Clock Delay      (SCD):    0.973ns
    Clock Pessimism Removal (CPR):    0.000ns
  Clock Uncertainty:      0.035ns  ((TSJ^2 + TIJ^2)^1/2 + DJ) / 2 + PE
    Total System Jitter     (TSJ):    0.071ns
    Total Input Jitter      (TIJ):    0.000ns
    Discrete Jitter          (DJ):    0.000ns
    Phase Error              (PE):    0.000ns

    Location             Delay type                Incr(ns)  Path(ns)    Netlist Resource(s)
  -------------------------------------------------------------------    -------------------
                         (clock clk rise edge)        0.000     0.000 r  <hidden>
                                                      0.000     0.000 r  clk
                         net (fo=201, unset)          0.973     0.973    clk
                         FDRE                                         r  used_letters_reg[0]/C
  -------------------------------------------------------------------    -------------------
                         FDRE (Prop_fdre_C_Q)         0.456     1.429 r  used_letters_reg[0]/Q
                         net (fo=2, unplaced)         0.976     2.405    random_source/letter_repeated_i_4_0[0]
                         LUT6 (Prop_lut6_I0_O)        0.295     2.700 r  random_source/letter_repeated_i_11/O
                         net (fo=1, unplaced)         0.902     3.602    random_source/letter_repeated_i_11_n_0
                         LUT6 (Prop_lut6_I1_O)        0.124     3.726 r  random_source/letter_repeated_i_5/O
                         net (fo=1, unplaced)         0.000     3.726    random_source/letter_repeated_i_5_n_0
                         MUXF7 (Prop_muxf7_I1_O)      0.247     3.973 r  random_source/letter_repeated_reg_i_2/O
                         net (fo=18, unplaced)        0.509     4.482    random_source/letter_ascii_4_sn_1
                         LUT2 (Prop_lut2_I0_O)        0.298     4.780 r  random_source/revealed_word[86]_i_3/O
                         net (fo=31, unplaced)        0.519     5.299    random_source/revealed_word[86]_i_3_n_0
                         LUT4 (Prop_lut4_I2_O)        0.124     5.423 r  random_source/word_complete_i_29/O
                         net (fo=1, unplaced)         0.902     6.325    random_source/word_complete_i_29_n_0
                         LUT6 (Prop_lut6_I0_O)        0.124     6.449 r  random_source/word_complete_i_8/O
                         net (fo=1, unplaced)         0.902     7.351    random_source/word_complete_i_8_n_0
                         LUT6 (Prop_lut6_I1_O)        0.124     7.475 f  random_source/word_complete_i_2/O
                         net (fo=1, unplaced)         0.665     8.140    random_source/word_complete_i_2_n_0
                         LUT6 (Prop_lut6_I0_O)        0.124     8.264 r  random_source/word_complete_i_1/O
                         net (fo=1, unplaced)         0.000     8.264    random_source_n_184
                         FDRE                                         r  word_complete_reg/D
  -------------------------------------------------------------------    -------------------

                         (clock clk rise edge)       10.000    10.000 r  <hidden>
                                                      0.000    10.000 r  clk
                         net (fo=201, unset)          0.924    10.924    clk
                         FDRE                                         r  word_complete_reg/C
                         clock pessimism              0.000    10.924    <hidden>
                         clock uncertainty           -0.035    10.889    <hidden>
                         FDRE (Setup_fdre_C_D)        0.029    10.918    word_complete_reg
  -------------------------------------------------------------------
                         required time                         10.918    <hidden>
                         arrival time                          -8.264    <hidden>
  -------------------------------------------------------------------
                         slack                                  2.654    <hidden>





Min Delay Paths
--------------------------------------------------------------------------------------
Slack (MET) :             0.297ns  (arrival time - required time)
  Source:                 random_source/state_reg[5]/C
                            (rising edge-triggered cell FDRE clocked by clk  {rise@0.000ns fall@5.000ns period=10.000ns})
  Destination:            secret_word_reg[12]/D
                            (rising edge-triggered cell FDRE clocked by clk  {rise@0.000ns fall@5.000ns period=10.000ns})
  Path Group:             clk
  Path Type:              Hold (Min at Fast Process Corner)
  Requirement:            0.000ns  (clk rise@0.000ns - clk rise@0.000ns)
  Data Path Delay:        0.409ns  (logic 0.239ns (58.393%)  route 0.170ns (41.607%))
  Logic Levels:           1  (LUT6=1)
  Clock Path Skew:        0.022ns (DCD - SCD - CPR)
    Destination Clock Delay (DCD):    0.432ns
    Source Clock Delay      (SCD):    0.410ns
    Clock Pessimism Removal (CPR):    -0.000ns

    Location             Delay type                Incr(ns)  Path(ns)    Netlist Resource(s)
  -------------------------------------------------------------------    -------------------
                         (clock clk rise edge)        0.000     0.000 r  <hidden>
                                                      0.000     0.000 r  clk
                         net (fo=201, unset)          0.410     0.410    random_source/clk
                         FDRE                                         r  random_source/state_reg[5]/C
  -------------------------------------------------------------------    -------------------
                         FDRE (Prop_fdre_C_Q)         0.141     0.551 r  random_source/state_reg[5]/Q
                         net (fo=78, unplaced)        0.170     0.721    random_source/random_state[5]
                         LUT6 (Prop_lut6_I5_O)        0.098     0.819 r  random_source/secret_word[12]_i_1/O
                         net (fo=1, unplaced)         0.000     0.819    candidate_word[12]
                         FDRE                                         r  secret_word_reg[12]/D
  -------------------------------------------------------------------    -------------------

                         (clock clk rise edge)        0.000     0.000 r  <hidden>
                                                      0.000     0.000 r  clk
                         net (fo=201, unset)          0.432     0.432    clk
                         FDRE                                         r  secret_word_reg[12]/C
                         clock pessimism              0.000     0.432    <hidden>
                         FDRE (Hold_fdre_C_D)         0.091     0.523    secret_word_reg[12]
  -------------------------------------------------------------------
                         required time                         -0.523    <hidden>
                         arrival time                           0.819    <hidden>
  -------------------------------------------------------------------
                         slack                                  0.297    <hidden>





Pulse Width Checks
--------------------------------------------------------------------------------------
Clock Name:         clk
Waveform(ns):       { 0.000 5.000 }
Period(ns):         10.000
Sources:            { clk }

Check Type        Corner  Lib Pin  Reference Pin  Required(ns)  Actual(ns)  Slack(ns)  Location  Pin
Min Period        n/a     FDRE/C   n/a            1.000         10.000      9.000                letter_correct_reg/C
Low Pulse Width   Slow    FDRE/C   n/a            0.500         5.000       4.500                letter_correct_reg/C
High Pulse Width  Slow    FDRE/C   n/a            0.500         5.000       4.500                letter_correct_reg/C
