Copyright 1986-2022 Xilinx, Inc. All Rights Reserved. Copyright 2022-2026 Advanced Micro Devices, Inc. All Rights Reserved.
---------------------------------------------------------------------------------------------------------------------------------------------
| Tool Version : Vivado v.2026.1 (win64) Build 6511674 Tue Jun 16 11:02:23 MDT 2026
| Date         : Thu Sep 10 23:21:48 2026
| Host         : Kevin running 64-bit major release  (build 9200)
| Command      : report_timing_summary -delay_type min_max -report_unconstrained -max_paths 5 -file timing_routed.rpt
| Design       : word_engine
| Device       : 7a35t-cpg236
| Speed File   : -1  PRODUCTION 1.23 2018-06-13
| Design State : Routed
---------------------------------------------------------------------------------------------------------------------------------------------

Timing Summary Report

------------------------------------------------------------------------------------------------
| Timer Settings
| --------------
------------------------------------------------------------------------------------------------

  Enable Multi Corner Analysis               :  Yes
  Enable Pessimism Removal                   :  Yes
  Pessimism Removal Resolution               :  Nearest Common Node
  Enable Input Delay Default Clock           :  No
  Enable Preset / Clear Arcs                 :  No
  Disable Flight Delays                      :  No
  Ignore I/O Paths                           :  No
  Timing Early Launch at Borrowing Latches   :  No
  Borrow Time for Max Delay Exceptions       :  Yes
  Merge Timing Exceptions                    :  Yes
  Inter-SLR Compensation                     :  Conservative

  Corner  Analyze    Analyze
  Name    Max Paths  Min Paths
  ------  ---------  ---------
  Slow    Yes        Yes
  Fast    Yes        Yes


------------------------------------------------------------------------------------------------
| Report Methodology
| ------------------
------------------------------------------------------------------------------------------------

No report available as report_methodology has not been run prior. Run report_methodology on the current design for the summary of methodology violations.



check_timing report

Table of Contents
-----------------
1. checking no_clock (0)
2. checking constant_clock (0)
3. checking pulse_width_clock (0)
4. checking unconstrained_internal_endpoints (0)
5. checking no_input_delay (12)
6. checking no_output_delay (92)
7. checking multiple_clock (0)
8. checking generated_clocks (0)
9. checking loops (0)
10. checking partial_input_delay (0)
11. checking partial_output_delay (0)
12. checking latch_loops (0)

1. checking no_clock (0)
------------------------
 There are 0 register/latch pins with no clock.


2. checking constant_clock (0)
------------------------------
 There are 0 register/latch pins with constant_clock.


3. checking pulse_width_clock (0)
---------------------------------
 There are 0 register/latch pins which need pulse_width check


4. checking unconstrained_internal_endpoints (0)
------------------------------------------------
 There are 0 pins that are not constrained for maximum delay.

 There are 0 pins that are not constrained for maximum delay due to constant clock.


5. checking no_input_delay (12)
-------------------------------
 There are 12 input ports with no input delay specified. (HIGH)

 There are 0 input ports with no input delay but user has a false path constraint.


6. checking no_output_delay (92)
--------------------------------
 There are 92 ports with no output delay specified. (HIGH)

 There are 0 ports with no output delay but user has a false path constraint

 There are 0 ports with no output delay but with a timing clock defined on it or propagating through it


7. checking multiple_clock (0)
------------------------------
 There are 0 register/latch pins with multiple clocks.


8. checking generated_clocks (0)
--------------------------------
 There are 0 generated clocks that are not connected to a clock source.


9. checking loops (0)
---------------------
 There are 0 combinational loops in the design.


10. checking partial_input_delay (0)
------------------------------------
 There are 0 input ports with partial input delay specified.


11. checking partial_output_delay (0)
-------------------------------------
 There are 0 ports with partial output delay specified.


12. checking latch_loops (0)
----------------------------
 There are 0 combinational latch loops in the design through latch input



------------------------------------------------------------------------------------------------
| Design Timing Summary
| ---------------------
------------------------------------------------------------------------------------------------

    WNS(ns)      TNS(ns)  TNS Failing Endpoints  TNS Total Endpoints      WHS(ns)      THS(ns)  THS Failing Endpoints  THS Total Endpoints     WPWS(ns)     TPWS(ns)  TPWS Failing Endpoints  TPWS Total Endpoints
    -------      -------  ---------------------  -------------------      -------      -------  ---------------------  -------------------     --------     --------  ----------------------  --------------------
      2.061        0.000                      0                  397        0.188        0.000                      0                  397        4.500        0.000                       0                   202


All user specified timing constraints are met.


------------------------------------------------------------------------------------------------
| Clock Summary
| -------------
------------------------------------------------------------------------------------------------

Clock  Waveform(ns)       Period(ns)      Frequency(MHz)
-----  ------------       ----------      --------------
clk    {0.000 5.000}      10.000          100.000


------------------------------------------------------------------------------------------------
| Intra Clock Table
| -----------------
------------------------------------------------------------------------------------------------

Clock             WNS(ns)      TNS(ns)  TNS Failing Endpoints  TNS Total Endpoints      WHS(ns)      THS(ns)  THS Failing Endpoints  THS Total Endpoints     WPWS(ns)     TPWS(ns)  TPWS Failing Endpoints  TPWS Total Endpoints
-----             -------      -------  ---------------------  -------------------      -------      -------  ---------------------  -------------------     --------     --------  ----------------------  --------------------
clk                 2.061        0.000                      0                  397        0.188        0.000                      0                  397        4.500        0.000                       0                   202


------------------------------------------------------------------------------------------------
| Inter Clock Table
| -----------------
------------------------------------------------------------------------------------------------

From Clock    To Clock          WNS(ns)      TNS(ns)  TNS Failing Endpoints  TNS Total Endpoints      WHS(ns)      THS(ns)  THS Failing Endpoints  THS Total Endpoints
----------    --------          -------      -------  ---------------------  -------------------      -------      -------  ---------------------  -------------------


------------------------------------------------------------------------------------------------
| Other Path Groups Table
| -----------------------
------------------------------------------------------------------------------------------------

Path Group    From Clock    To Clock          WNS(ns)      TNS(ns)  TNS Failing Endpoints  TNS Total Endpoints      WHS(ns)      THS(ns)  THS Failing Endpoints  THS Total Endpoints
----------    ----------    --------          -------      -------  ---------------------  -------------------      -------      -------  ---------------------  -------------------


------------------------------------------------------------------------------------------------
| User Ignored Path Table
| -----------------------
------------------------------------------------------------------------------------------------

Path Group    From Clock    To Clock
----------    ----------    --------


------------------------------------------------------------------------------------------------
| Unconstrained Path Table
| ------------------------
------------------------------------------------------------------------------------------------

Path Group    From Clock    To Clock
----------    ----------    --------
(none)        clk
(none)                      clk


------------------------------------------------------------------------------------------------
| Timing Details
| --------------
------------------------------------------------------------------------------------------------


---------------------------------------------------------------------------------------------------
From Clock:  clk
  To Clock:  clk

Setup :            0  Failing Endpoints,  Worst Slack        2.061ns,  Total Violation        0.000ns
Hold  :            0  Failing Endpoints,  Worst Slack        0.188ns,  Total Violation        0.000ns
PW    :            0  Failing Endpoints,  Worst Slack        4.500ns,  Total Violation        0.000ns
---------------------------------------------------------------------------------------------------


Max Delay Paths
--------------------------------------------------------------------------------------
Slack (MET) :             2.061ns  (required time - arrival time)
  Source:                 used_letters_reg[5]/C
                            (rising edge-triggered cell FDRE clocked by clk  {rise@0.000ns fall@5.000ns period=10.000ns})
  Destination:            word_complete_reg/D
                            (rising edge-triggered cell FDRE clocked by clk  {rise@0.000ns fall@5.000ns period=10.000ns})
  Path Group:             clk
  Path Type:              Setup (Max at Slow Process Corner)
  Requirement:            10.000ns  (clk rise@10.000ns - clk rise@0.000ns)
  Data Path Delay:        7.886ns  (logic 2.172ns (27.542%)  route 5.714ns (72.458%))
  Logic Levels:           8  (LUT3=1 LUT4=1 LUT6=5 MUXF7=1)
  Clock Path Skew:        -0.049ns (DCD - SCD + CPR)
    Destination Clock Delay (DCD):    0.924ns = ( 10.924 - 10.000 )
    Source Clock Delay      (SCD):    0.973ns
    Clock Pessimism Removal (CPR):    0.000ns
  Clock Uncertainty:      0.035ns  ((TSJ^2 + TIJ^2)^1/2 + DJ) / 2 + PE
    Total System Jitter     (TSJ):    0.071ns
    Total Input Jitter      (TIJ):    0.000ns
    Discrete Jitter          (DJ):    0.000ns
    Phase Error              (PE):    0.000ns

    Location             Delay type                Incr(ns)  Path(ns)    Netlist Resource(s)
  -------------------------------------------------------------------    -------------------
                         (clock clk rise edge)        0.000     0.000 r  <hidden>
                                                      0.000     0.000 r  clk
                         net (fo=201, unset)          0.973     0.973    clk
    SLICE_X2Y30          FDRE                                         r  used_letters_reg[5]/C
  -------------------------------------------------------------------    -------------------
    SLICE_X2Y30          FDRE (Prop_fdre_C_Q)         0.518     1.491 f  used_letters_reg[5]/Q
                         net (fo=2, routed)           0.992     2.483    random_source/letter_repeated_i_4_0[5]
    SLICE_X2Y29          LUT6 (Prop_lut6_I1_O)        0.124     2.607 f  random_source/letter_repeated_i_10/O
                         net (fo=1, routed)           0.871     3.477    random_source/letter_repeated_i_10_n_0
    SLICE_X2Y28          LUT6 (Prop_lut6_I0_O)        0.124     3.601 f  random_source/letter_repeated_i_5/O
                         net (fo=1, routed)           0.000     3.601    random_source/letter_repeated_i_5_n_0
    SLICE_X2Y28          MUXF7 (Prop_muxf7_I1_O)      0.214     3.815 f  random_source/letter_repeated_reg_i_2/O
                         net (fo=18, routed)          0.838     4.653    random_source/letter_ascii_4_sn_1
    SLICE_X2Y21          LUT3 (Prop_lut3_I0_O)        0.289     4.942 r  random_source/revealed_word[50]_i_2/O
                         net (fo=13, routed)          0.679     5.621    random_source/revealed_word[50]_i_2_n_0
    SLICE_X1Y20          LUT4 (Prop_lut4_I2_O)        0.323     5.944 r  random_source/word_complete_i_74/O
                         net (fo=1, routed)           1.038     6.982    random_source/word_complete_i_74_n_0
    SLICE_X1Y20          LUT6 (Prop_lut6_I3_O)        0.332     7.314 r  random_source/word_complete_i_22/O
                         net (fo=1, routed)           0.609     7.923    random_source/word_complete_i_22_n_0
    SLICE_X4Y20          LUT6 (Prop_lut6_I1_O)        0.124     8.047 f  random_source/word_complete_i_5/O
                         net (fo=1, routed)           0.688     8.735    random_source/word_complete_i_5_n_0
    SLICE_X5Y24          LUT6 (Prop_lut6_I3_O)        0.124     8.859 r  random_source/word_complete_i_1/O
                         net (fo=1, routed)           0.000     8.859    random_source_n_184
    SLICE_X5Y24          FDRE                                         r  word_complete_reg/D
  -------------------------------------------------------------------    -------------------

                         (clock clk rise edge)       10.000    10.000 r  <hidden>
                                                      0.000    10.000 r  clk
                         net (fo=201, unset)          0.924    10.924    clk
    SLICE_X5Y24          FDRE                                         r  word_complete_reg/C
                         clock pessimism              0.000    10.924    <hidden>
                         clock uncertainty           -0.035    10.889    <hidden>
    SLICE_X5Y24          FDRE (Setup_fdre_C_D)        0.031    10.920    word_complete_reg
  -------------------------------------------------------------------
                         required time                         10.920    <hidden>
                         arrival time                          -8.859    <hidden>
  -------------------------------------------------------------------
                         slack                                  2.061    <hidden>

Slack (MET) :             2.149ns  (required time - arrival time)
  Source:                 random_source/state_reg[0]/C
                            (rising edge-triggered cell FDSE clocked by clk  {rise@0.000ns fall@5.000ns period=10.000ns})
  Destination:            revealed_word_reg[60]/CE
                            (rising edge-triggered cell FDRE clocked by clk  {rise@0.000ns fall@5.000ns period=10.000ns})
  Path Group:             clk
  Path Type:              Setup (Max at Slow Process Corner)
  Requirement:            10.000ns  (clk rise@10.000ns - clk rise@0.000ns)
  Data Path Delay:        7.562ns  (logic 1.832ns (24.226%)  route 5.730ns (75.774%))
  Logic Levels:           5  (LUT3=1 LUT4=1 LUT5=1 LUT6=2)
  Clock Path Skew:        -0.049ns (DCD - SCD + CPR)
    Destination Clock Delay (DCD):    0.924ns = ( 10.924 - 10.000 )
    Source Clock Delay      (SCD):    0.973ns
    Clock Pessimism Removal (CPR):    0.000ns
  Clock Uncertainty:      0.035ns  ((TSJ^2 + TIJ^2)^1/2 + DJ) / 2 + PE
    Total System Jitter     (TSJ):    0.071ns
    Total Input Jitter      (TIJ):    0.000ns
    Discrete Jitter          (DJ):    0.000ns
    Phase Error              (PE):    0.000ns

    Location             Delay type                Incr(ns)  Path(ns)    Netlist Resource(s)
  -------------------------------------------------------------------    -------------------
                         (clock clk rise edge)        0.000     0.000 r  <hidden>
                                                      0.000     0.000 r  clk
                         net (fo=201, unset)          0.973     0.973    random_source/clk
    SLICE_X10Y17         FDSE                                         r  random_source/state_reg[0]/C
  -------------------------------------------------------------------    -------------------
    SLICE_X10Y17         FDSE (Prop_fdse_C_Q)         0.518     1.491 r  random_source/state_reg[0]/Q
                         net (fo=85, routed)          1.039     2.530    random_source/random_state[0]
    SLICE_X9Y17          LUT4 (Prop_lut4_I2_O)        0.152     2.682 r  random_source/g0_b0_i_2/O
                         net (fo=4, routed)           0.744     3.426    random_source/candidate_index[3]
    SLICE_X9Y18          LUT6 (Prop_lut6_I3_O)        0.326     3.752 r  random_source/g0_b1/O
                         net (fo=44, routed)          0.999     4.751    random_source/candidate_length[1]
    SLICE_X9Y21          LUT3 (Prop_lut3_I1_O)        0.152     4.903 f  random_source/word_ready_i_3/O
                         net (fo=6, routed)           1.126     6.029    random_source/word_ready_i_3_n_0
    SLICE_X1Y24          LUT5 (Prop_lut5_I2_O)        0.352     6.381 r  random_source/word_ready_i_2/O
                         net (fo=81, routed)          0.638     7.019    random_source/state_reg[0]_0[0]
    SLICE_X3Y23          LUT6 (Prop_lut6_I0_O)        0.332     7.351 r  random_source/revealed_word[94]_i_1/O
                         net (fo=110, routed)         1.184     8.535    random_source_n_105
    SLICE_X11Y18         FDRE                                         r  revealed_word_reg[60]/CE
  -------------------------------------------------------------------    -------------------

                         (clock clk rise edge)       10.000    10.000 r  <hidden>
                                                      0.000    10.000 r  clk
                         net (fo=201, unset)          0.924    10.924    clk
    SLICE_X11Y18         FDRE                                         r  revealed_word_reg[60]/C
                         clock pessimism              0.000    10.924    <hidden>
                         clock uncertainty           -0.035    10.889    <hidden>
    SLICE_X11Y18         FDRE (Setup_fdre_C_CE)      -0.205    10.684    revealed_word_reg[60]
  -------------------------------------------------------------------
                         required time                         10.684    <hidden>
                         arrival time                          -8.535    <hidden>
  -------------------------------------------------------------------
                         slack                                  2.149    <hidden>

Slack (MET) :             2.228ns  (required time - arrival time)
  Source:                 random_source/state_reg[0]/C
                            (rising edge-triggered cell FDSE clocked by clk  {rise@0.000ns fall@5.000ns period=10.000ns})
  Destination:            revealed_word_reg[76]/CE
                            (rising edge-triggered cell FDRE clocked by clk  {rise@0.000ns fall@5.000ns period=10.000ns})
  Path Group:             clk
  Path Type:              Setup (Max at Slow Process Corner)
  Requirement:            10.000ns  (clk rise@10.000ns - clk rise@0.000ns)
  Data Path Delay:        7.483ns  (logic 1.832ns (24.484%)  route 5.651ns (75.516%))
  Logic Levels:           5  (LUT3=1 LUT4=1 LUT5=1 LUT6=2)
  Clock Path Skew:        -0.049ns (DCD - SCD + CPR)
    Destination Clock Delay (DCD):    0.924ns = ( 10.924 - 10.000 )
    Source Clock Delay      (SCD):    0.973ns
    Clock Pessimism Removal (CPR):    0.000ns
  Clock Uncertainty:      0.035ns  ((TSJ^2 + TIJ^2)^1/2 + DJ) / 2 + PE
    Total System Jitter     (TSJ):    0.071ns
    Total Input Jitter      (TIJ):    0.000ns
    Discrete Jitter          (DJ):    0.000ns
    Phase Error              (PE):    0.000ns

    Location             Delay type                Incr(ns)  Path(ns)    Netlist Resource(s)
  -------------------------------------------------------------------    -------------------
                         (clock clk rise edge)        0.000     0.000 r  <hidden>
                                                      0.000     0.000 r  clk
                         net (fo=201, unset)          0.973     0.973    random_source/clk
    SLICE_X10Y17         FDSE                                         r  random_source/state_reg[0]/C
  -------------------------------------------------------------------    -------------------
    SLICE_X10Y17         FDSE (Prop_fdse_C_Q)         0.518     1.491 r  random_source/state_reg[0]/Q
                         net (fo=85, routed)          1.039     2.530    random_source/random_state[0]
    SLICE_X9Y17          LUT4 (Prop_lut4_I2_O)        0.152     2.682 r  random_source/g0_b0_i_2/O
                         net (fo=4, routed)           0.744     3.426    random_source/candidate_index[3]
    SLICE_X9Y18          LUT6 (Prop_lut6_I3_O)        0.326     3.752 r  random_source/g0_b1/O
                         net (fo=44, routed)          0.999     4.751    random_source/candidate_length[1]
    SLICE_X9Y21          LUT3 (Prop_lut3_I1_O)        0.152     4.903 f  random_source/word_ready_i_3/O
                         net (fo=6, routed)           1.126     6.029    random_source/word_ready_i_3_n_0
    SLICE_X1Y24          LUT5 (Prop_lut5_I2_O)        0.352     6.381 r  random_source/word_ready_i_2/O
                         net (fo=81, routed)          0.638     7.019    random_source/state_reg[0]_0[0]
    SLICE_X3Y23          LUT6 (Prop_lut6_I0_O)        0.332     7.351 r  random_source/revealed_word[94]_i_1/O
                         net (fo=110, routed)         1.104     8.456    random_source_n_105
    SLICE_X9Y21          FDRE                                         r  revealed_word_reg[76]/CE
  -------------------------------------------------------------------    -------------------

                         (clock clk rise edge)       10.000    10.000 r  <hidden>
                                                      0.000    10.000 r  clk
                         net (fo=201, unset)          0.924    10.924    clk
    SLICE_X9Y21          FDRE                                         r  revealed_word_reg[76]/C
                         clock pessimism              0.000    10.924    <hidden>
                         clock uncertainty           -0.035    10.889    <hidden>
    SLICE_X9Y21          FDRE (Setup_fdre_C_CE)      -0.205    10.684    revealed_word_reg[76]
  -------------------------------------------------------------------
                         required time                         10.684    <hidden>
                         arrival time                          -8.456    <hidden>
  -------------------------------------------------------------------
                         slack                                  2.228    <hidden>

Slack (MET) :             2.289ns  (required time - arrival time)
  Source:                 random_source/state_reg[0]/C
                            (rising edge-triggered cell FDSE clocked by clk  {rise@0.000ns fall@5.000ns period=10.000ns})
  Destination:            revealed_word_reg[56]/CE
                            (rising edge-triggered cell FDRE clocked by clk  {rise@0.000ns fall@5.000ns period=10.000ns})
  Path Group:             clk
  Path Type:              Setup (Max at Slow Process Corner)
  Requirement:            10.000ns  (clk rise@10.000ns - clk rise@0.000ns)
  Data Path Delay:        7.422ns  (logic 1.832ns (24.683%)  route 5.590ns (75.317%))
  Logic Levels:           5  (LUT3=1 LUT4=1 LUT5=1 LUT6=2)
  Clock Path Skew:        -0.049ns (DCD - SCD + CPR)
    Destination Clock Delay (DCD):    0.924ns = ( 10.924 - 10.000 )
    Source Clock Delay      (SCD):    0.973ns
    Clock Pessimism Removal (CPR):    0.000ns
  Clock Uncertainty:      0.035ns  ((TSJ^2 + TIJ^2)^1/2 + DJ) / 2 + PE
    Total System Jitter     (TSJ):    0.071ns
    Total Input Jitter      (TIJ):    0.000ns
    Discrete Jitter          (DJ):    0.000ns
    Phase Error              (PE):    0.000ns

    Location             Delay type                Incr(ns)  Path(ns)    Netlist Resource(s)
  -------------------------------------------------------------------    -------------------
                         (clock clk rise edge)        0.000     0.000 r  <hidden>
                                                      0.000     0.000 r  clk
                         net (fo=201, unset)          0.973     0.973    random_source/clk
    SLICE_X10Y17         FDSE                                         r  random_source/state_reg[0]/C
  -------------------------------------------------------------------    -------------------
    SLICE_X10Y17         FDSE (Prop_fdse_C_Q)         0.518     1.491 r  random_source/state_reg[0]/Q
                         net (fo=85, routed)          1.039     2.530    random_source/random_state[0]
    SLICE_X9Y17          LUT4 (Prop_lut4_I2_O)        0.152     2.682 r  random_source/g0_b0_i_2/O
                         net (fo=4, routed)           0.744     3.426    random_source/candidate_index[3]
    SLICE_X9Y18          LUT6 (Prop_lut6_I3_O)        0.326     3.752 r  random_source/g0_b1/O
                         net (fo=44, routed)          0.999     4.751    random_source/candidate_length[1]
    SLICE_X9Y21          LUT3 (Prop_lut3_I1_O)        0.152     4.903 f  random_source/word_ready_i_3/O
                         net (fo=6, routed)           1.126     6.029    random_source/word_ready_i_3_n_0
    SLICE_X1Y24          LUT5 (Prop_lut5_I2_O)        0.352     6.381 r  random_source/word_ready_i_2/O
                         net (fo=81, routed)          0.638     7.019    random_source/state_reg[0]_0[0]
    SLICE_X3Y23          LUT6 (Prop_lut6_I0_O)        0.332     7.351 r  random_source/revealed_word[94]_i_1/O
                         net (fo=110, routed)         1.044     8.395    random_source_n_105
    SLICE_X11Y19         FDRE                                         r  revealed_word_reg[56]/CE
  -------------------------------------------------------------------    -------------------

                         (clock clk rise edge)       10.000    10.000 r  <hidden>
                                                      0.000    10.000 r  clk
                         net (fo=201, unset)          0.924    10.924    clk
    SLICE_X11Y19         FDRE                                         r  revealed_word_reg[56]/C
                         clock pessimism              0.000    10.924    <hidden>
                         clock uncertainty           -0.035    10.889    <hidden>
    SLICE_X11Y19         FDRE (Setup_fdre_C_CE)      -0.205    10.684    revealed_word_reg[56]
  -------------------------------------------------------------------
                         required time                         10.684    <hidden>
                         arrival time                          -8.395    <hidden>
  -------------------------------------------------------------------
                         slack                                  2.289    <hidden>

Slack (MET) :             2.289ns  (required time - arrival time)
  Source:                 random_source/state_reg[0]/C
                            (rising edge-triggered cell FDSE clocked by clk  {rise@0.000ns fall@5.000ns period=10.000ns})
  Destination:            revealed_word_reg[59]/CE
                            (rising edge-triggered cell FDRE clocked by clk  {rise@0.000ns fall@5.000ns period=10.000ns})
  Path Group:             clk
  Path Type:              Setup (Max at Slow Process Corner)
  Requirement:            10.000ns  (clk rise@10.000ns - clk rise@0.000ns)
  Data Path Delay:        7.422ns  (logic 1.832ns (24.683%)  route 5.590ns (75.317%))
  Logic Levels:           5  (LUT3=1 LUT4=1 LUT5=1 LUT6=2)
  Clock Path Skew:        -0.049ns (DCD - SCD + CPR)
    Destination Clock Delay (DCD):    0.924ns = ( 10.924 - 10.000 )
    Source Clock Delay      (SCD):    0.973ns
    Clock Pessimism Removal (CPR):    0.000ns
  Clock Uncertainty:      0.035ns  ((TSJ^2 + TIJ^2)^1/2 + DJ) / 2 + PE
    Total System Jitter     (TSJ):    0.071ns
    Total Input Jitter      (TIJ):    0.000ns
    Discrete Jitter          (DJ):    0.000ns
    Phase Error              (PE):    0.000ns

    Location             Delay type                Incr(ns)  Path(ns)    Netlist Resource(s)
  -------------------------------------------------------------------    -------------------
                         (clock clk rise edge)        0.000     0.000 r  <hidden>
                                                      0.000     0.000 r  clk
                         net (fo=201, unset)          0.973     0.973    random_source/clk
    SLICE_X10Y17         FDSE                                         r  random_source/state_reg[0]/C
  -------------------------------------------------------------------    -------------------
    SLICE_X10Y17         FDSE (Prop_fdse_C_Q)         0.518     1.491 r  random_source/state_reg[0]/Q
                         net (fo=85, routed)          1.039     2.530    random_source/random_state[0]
    SLICE_X9Y17          LUT4 (Prop_lut4_I2_O)        0.152     2.682 r  random_source/g0_b0_i_2/O
                         net (fo=4, routed)           0.744     3.426    random_source/candidate_index[3]
    SLICE_X9Y18          LUT6 (Prop_lut6_I3_O)        0.326     3.752 r  random_source/g0_b1/O
                         net (fo=44, routed)          0.999     4.751    random_source/candidate_length[1]
    SLICE_X9Y21          LUT3 (Prop_lut3_I1_O)        0.152     4.903 f  random_source/word_ready_i_3/O
                         net (fo=6, routed)           1.126     6.029    random_source/word_ready_i_3_n_0
    SLICE_X1Y24          LUT5 (Prop_lut5_I2_O)        0.352     6.381 r  random_source/word_ready_i_2/O
                         net (fo=81, routed)          0.638     7.019    random_source/state_reg[0]_0[0]
    SLICE_X3Y23          LUT6 (Prop_lut6_I0_O)        0.332     7.351 r  random_source/revealed_word[94]_i_1/O
                         net (fo=110, routed)         1.044     8.395    random_source_n_105
    SLICE_X11Y19         FDRE                                         r  revealed_word_reg[59]/CE
  -------------------------------------------------------------------    -------------------

                         (clock clk rise edge)       10.000    10.000 r  <hidden>
                                                      0.000    10.000 r  clk
                         net (fo=201, unset)          0.924    10.924    clk
    SLICE_X11Y19         FDRE                                         r  revealed_word_reg[59]/C
                         clock pessimism              0.000    10.924    <hidden>
                         clock uncertainty           -0.035    10.889    <hidden>
    SLICE_X11Y19         FDRE (Setup_fdre_C_CE)      -0.205    10.684    revealed_word_reg[59]
  -------------------------------------------------------------------
                         required time                         10.684    <hidden>
                         arrival time                          -8.395    <hidden>
  -------------------------------------------------------------------
                         slack                                  2.289    <hidden>





Min Delay Paths
--------------------------------------------------------------------------------------
Slack (MET) :             0.188ns  (arrival time - required time)
  Source:                 revealed_word_reg[9]/C
                            (rising edge-triggered cell FDRE clocked by clk  {rise@0.000ns fall@5.000ns period=10.000ns})
  Destination:            revealed_word_reg[9]/D
                            (rising edge-triggered cell FDRE clocked by clk  {rise@0.000ns fall@5.000ns period=10.000ns})
  Path Group:             clk
  Path Type:              Hold (Min at Fast Process Corner)
  Requirement:            0.000ns  (clk rise@0.000ns - clk rise@0.000ns)
  Data Path Delay:        0.300ns  (logic 0.186ns (61.957%)  route 0.114ns (38.043%))
  Logic Levels:           1  (LUT5=1)
  Clock Path Skew:        0.022ns (DCD - SCD - CPR)
    Destination Clock Delay (DCD):    0.432ns
    Source Clock Delay      (SCD):    0.410ns
    Clock Pessimism Removal (CPR):    -0.000ns

    Location             Delay type                Incr(ns)  Path(ns)    Netlist Resource(s)
  -------------------------------------------------------------------    -------------------
                         (clock clk rise edge)        0.000     0.000 r  <hidden>
                                                      0.000     0.000 r  clk
                         net (fo=201, unset)          0.410     0.410    clk
    SLICE_X5Y20          FDRE                                         r  revealed_word_reg[9]/C
  -------------------------------------------------------------------    -------------------
    SLICE_X5Y20          FDRE (Prop_fdre_C_Q)         0.141     0.551 r  revealed_word_reg[9]/Q
                         net (fo=2, routed)           0.114     0.665    random_source/revealed_word[8]
    SLICE_X5Y20          LUT5 (Prop_lut5_I3_O)        0.045     0.710 r  random_source/revealed_word[9]_i_1/O
                         net (fo=1, routed)           0.000     0.710    random_source_n_77
    SLICE_X5Y20          FDRE                                         r  revealed_word_reg[9]/D
  -------------------------------------------------------------------    -------------------

                         (clock clk rise edge)        0.000     0.000 r  <hidden>
                                                      0.000     0.000 r  clk
                         net (fo=201, unset)          0.432     0.432    clk
    SLICE_X5Y20          FDRE                                         r  revealed_word_reg[9]/C
                         clock pessimism              0.000     0.432    <hidden>
    SLICE_X5Y20          FDRE (Hold_fdre_C_D)         0.091     0.523    revealed_word_reg[9]
  -------------------------------------------------------------------
                         required time                         -0.523    <hidden>
                         arrival time                           0.710    <hidden>
  -------------------------------------------------------------------
                         slack                                  0.188    <hidden>

Slack (MET) :             0.194ns  (arrival time - required time)
  Source:                 revealed_word_reg[41]/C
                            (rising edge-triggered cell FDRE clocked by clk  {rise@0.000ns fall@5.000ns period=10.000ns})
  Destination:            revealed_word_reg[41]/D
                            (rising edge-triggered cell FDRE clocked by clk  {rise@0.000ns fall@5.000ns period=10.000ns})
  Path Group:             clk
  Path Type:              Hold (Min at Fast Process Corner)
  Requirement:            0.000ns  (clk rise@0.000ns - clk rise@0.000ns)
  Data Path Delay:        0.308ns  (logic 0.186ns (60.417%)  route 0.122ns (39.583%))
  Logic Levels:           1  (LUT5=1)
  Clock Path Skew:        0.022ns (DCD - SCD - CPR)
    Destination Clock Delay (DCD):    0.432ns
    Source Clock Delay      (SCD):    0.410ns
    Clock Pessimism Removal (CPR):    -0.000ns

    Location             Delay type                Incr(ns)  Path(ns)    Netlist Resource(s)
  -------------------------------------------------------------------    -------------------
                         (clock clk rise edge)        0.000     0.000 r  <hidden>
                                                      0.000     0.000 r  clk
                         net (fo=201, unset)          0.410     0.410    clk
    SLICE_X5Y25          FDRE                                         r  revealed_word_reg[41]/C
  -------------------------------------------------------------------    -------------------
    SLICE_X5Y25          FDRE (Prop_fdre_C_Q)         0.141     0.551 r  revealed_word_reg[41]/Q
                         net (fo=2, routed)           0.122     0.673    random_source/revealed_word[36]
    SLICE_X5Y25          LUT5 (Prop_lut5_I2_O)        0.045     0.718 r  random_source/revealed_word[41]_i_1/O
                         net (fo=1, routed)           0.000     0.718    random_source_n_49
    SLICE_X5Y25          FDRE                                         r  revealed_word_reg[41]/D
  -------------------------------------------------------------------    -------------------

                         (clock clk rise edge)        0.000     0.000 r  <hidden>
                                                      0.000     0.000 r  clk
                         net (fo=201, unset)          0.432     0.432    clk
    SLICE_X5Y25          FDRE                                         r  revealed_word_reg[41]/C
                         clock pessimism              0.000     0.432    <hidden>
    SLICE_X5Y25          FDRE (Hold_fdre_C_D)         0.092     0.524    revealed_word_reg[41]
  -------------------------------------------------------------------
                         required time                         -0.524    <hidden>
                         arrival time                           0.718    <hidden>
  -------------------------------------------------------------------
                         slack                                  0.194    <hidden>

Slack (MET) :             0.204ns  (arrival time - required time)
  Source:                 revealed_word_reg[18]/C
                            (rising edge-triggered cell FDRE clocked by clk  {rise@0.000ns fall@5.000ns period=10.000ns})
  Destination:            revealed_word_reg[18]/D
                            (rising edge-triggered cell FDRE clocked by clk  {rise@0.000ns fall@5.000ns period=10.000ns})
  Path Group:             clk
  Path Type:              Hold (Min at Fast Process Corner)
  Requirement:            0.000ns  (clk rise@0.000ns - clk rise@0.000ns)
  Data Path Delay:        0.318ns  (logic 0.186ns (58.542%)  route 0.132ns (41.458%))
  Logic Levels:           1  (LUT5=1)
  Clock Path Skew:        0.022ns (DCD - SCD - CPR)
    Destination Clock Delay (DCD):    0.432ns
    Source Clock Delay      (SCD):    0.410ns
    Clock Pessimism Removal (CPR):    -0.000ns

    Location             Delay type                Incr(ns)  Path(ns)    Netlist Resource(s)
  -------------------------------------------------------------------    -------------------
                         (clock clk rise edge)        0.000     0.000 r  <hidden>
                                                      0.000     0.000 r  clk
                         net (fo=201, unset)          0.410     0.410    clk
    SLICE_X4Y20          FDRE                                         r  revealed_word_reg[18]/C
  -------------------------------------------------------------------    -------------------
    SLICE_X4Y20          FDRE (Prop_fdre_C_Q)         0.141     0.551 r  revealed_word_reg[18]/Q
                         net (fo=2, routed)           0.132     0.683    random_source/revealed_word[16]
    SLICE_X4Y20          LUT5 (Prop_lut5_I2_O)        0.045     0.728 r  random_source/revealed_word[18]_i_1/O
                         net (fo=1, routed)           0.000     0.728    random_source_n_69
    SLICE_X4Y20          FDRE                                         r  revealed_word_reg[18]/D
  -------------------------------------------------------------------    -------------------

                         (clock clk rise edge)        0.000     0.000 r  <hidden>
                                                      0.000     0.000 r  clk
                         net (fo=201, unset)          0.432     0.432    clk
    SLICE_X4Y20          FDRE                                         r  revealed_word_reg[18]/C
                         clock pessimism              0.000     0.432    <hidden>
    SLICE_X4Y20          FDRE (Hold_fdre_C_D)         0.092     0.524    revealed_word_reg[18]
  -------------------------------------------------------------------
                         required time                         -0.524    <hidden>
                         arrival time                           0.728    <hidden>
  -------------------------------------------------------------------
                         slack                                  0.204    <hidden>

Slack (MET) :             0.204ns  (arrival time - required time)
  Source:                 revealed_word_reg[33]/C
                            (rising edge-triggered cell FDRE clocked by clk  {rise@0.000ns fall@5.000ns period=10.000ns})
  Destination:            revealed_word_reg[33]/D
                            (rising edge-triggered cell FDRE clocked by clk  {rise@0.000ns fall@5.000ns period=10.000ns})
  Path Group:             clk
  Path Type:              Hold (Min at Fast Process Corner)
  Requirement:            0.000ns  (clk rise@0.000ns - clk rise@0.000ns)
  Data Path Delay:        0.318ns  (logic 0.186ns (58.542%)  route 0.132ns (41.458%))
  Logic Levels:           1  (LUT5=1)
  Clock Path Skew:        0.022ns (DCD - SCD - CPR)
    Destination Clock Delay (DCD):    0.432ns
    Source Clock Delay      (SCD):    0.410ns
    Clock Pessimism Removal (CPR):    -0.000ns

    Location             Delay type                Incr(ns)  Path(ns)    Netlist Resource(s)
  -------------------------------------------------------------------    -------------------
                         (clock clk rise edge)        0.000     0.000 r  <hidden>
                                                      0.000     0.000 r  clk
                         net (fo=201, unset)          0.410     0.410    clk
    SLICE_X4Y18          FDRE                                         r  revealed_word_reg[33]/C
  -------------------------------------------------------------------    -------------------
    SLICE_X4Y18          FDRE (Prop_fdre_C_Q)         0.141     0.551 r  revealed_word_reg[33]/Q
                         net (fo=2, routed)           0.132     0.683    random_source/revealed_word[29]
    SLICE_X4Y18          LUT5 (Prop_lut5_I2_O)        0.045     0.728 r  random_source/revealed_word[33]_i_1/O
                         net (fo=1, routed)           0.000     0.728    random_source_n_56
    SLICE_X4Y18          FDRE                                         r  revealed_word_reg[33]/D
  -------------------------------------------------------------------    -------------------

                         (clock clk rise edge)        0.000     0.000 r  <hidden>
                                                      0.000     0.000 r  clk
                         net (fo=201, unset)          0.432     0.432    clk
    SLICE_X4Y18          FDRE                                         r  revealed_word_reg[33]/C
                         clock pessimism              0.000     0.432    <hidden>
    SLICE_X4Y18          FDRE (Hold_fdre_C_D)         0.092     0.524    revealed_word_reg[33]
  -------------------------------------------------------------------
                         required time                         -0.524    <hidden>
                         arrival time                           0.728    <hidden>
  -------------------------------------------------------------------
                         slack                                  0.204    <hidden>

Slack (MET) :             0.224ns  (arrival time - required time)
  Source:                 random_source/state_reg[0]/C
                            (rising edge-triggered cell FDSE clocked by clk  {rise@0.000ns fall@5.000ns period=10.000ns})
  Destination:            random_source/state_reg[1]/D
                            (rising edge-triggered cell FDRE clocked by clk  {rise@0.000ns fall@5.000ns period=10.000ns})
  Path Group:             clk
  Path Type:              Hold (Min at Fast Process Corner)
  Requirement:            0.000ns  (clk rise@0.000ns - clk rise@0.000ns)
  Data Path Delay:        0.316ns  (logic 0.164ns (51.964%)  route 0.152ns (48.036%))
  Logic Levels:           0
  Clock Path Skew:        0.022ns (DCD - SCD - CPR)
    Destination Clock Delay (DCD):    0.432ns
    Source Clock Delay      (SCD):    0.410ns
    Clock Pessimism Removal (CPR):    -0.000ns

    Location             Delay type                Incr(ns)  Path(ns)    Netlist Resource(s)
  -------------------------------------------------------------------    -------------------
                         (clock clk rise edge)        0.000     0.000 r  <hidden>
                                                      0.000     0.000 r  clk
                         net (fo=201, unset)          0.410     0.410    random_source/clk
    SLICE_X10Y17         FDSE                                         r  random_source/state_reg[0]/C
  -------------------------------------------------------------------    -------------------
    SLICE_X10Y17         FDSE (Prop_fdse_C_Q)         0.164     0.574 r  random_source/state_reg[0]/Q
                         net (fo=85, routed)          0.152     0.726    random_source/random_state[0]
    SLICE_X11Y17         FDRE                                         r  random_source/state_reg[1]/D
  -------------------------------------------------------------------    -------------------

                         (clock clk rise edge)        0.000     0.000 r  <hidden>
                                                      0.000     0.000 r  clk
                         net (fo=201, unset)          0.432     0.432    random_source/clk
    SLICE_X11Y17         FDRE                                         r  random_source/state_reg[1]/C
                         clock pessimism              0.000     0.432    <hidden>
    SLICE_X11Y17         FDRE (Hold_fdre_C_D)         0.070     0.502    random_source/state_reg[1]
  -------------------------------------------------------------------
                         required time                         -0.502    <hidden>
                         arrival time                           0.726    <hidden>
  -------------------------------------------------------------------
                         slack                                  0.224    <hidden>





Pulse Width Checks
--------------------------------------------------------------------------------------
Clock Name:         clk
Waveform(ns):       { 0.000 5.000 }
Period(ns):         10.000
Sources:            { clk }

Check Type        Corner  Lib Pin  Reference Pin  Required(ns)  Actual(ns)  Slack(ns)  Location     Pin
Min Period        n/a     FDRE/C   n/a            1.000         10.000      9.000      SLICE_X2Y22  letter_correct_reg/C
Min Period        n/a     FDRE/C   n/a            1.000         10.000      9.000      SLICE_X2Y22  letter_repeated_reg/C
Min Period        n/a     FDRE/C   n/a            1.000         10.000      9.000      SLICE_X3Y25  revealed_word_reg[0]/C
Min Period        n/a     FDRE/C   n/a            1.000         10.000      9.000      SLICE_X5Y20  revealed_word_reg[10]/C
Min Period        n/a     FDRE/C   n/a            1.000         10.000      9.000      SLICE_X5Y21  revealed_word_reg[11]/C
Low Pulse Width   Slow    FDRE/C   n/a            0.500         5.000       4.500      SLICE_X2Y22  letter_correct_reg/C
Low Pulse Width   Fast    FDRE/C   n/a            0.500         5.000       4.500      SLICE_X2Y22  letter_correct_reg/C
Low Pulse Width   Slow    FDRE/C   n/a            0.500         5.000       4.500      SLICE_X2Y22  letter_repeated_reg/C
Low Pulse Width   Fast    FDRE/C   n/a            0.500         5.000       4.500      SLICE_X2Y22  letter_repeated_reg/C
Low Pulse Width   Slow    FDRE/C   n/a            0.500         5.000       4.500      SLICE_X3Y25  revealed_word_reg[0]/C
High Pulse Width  Slow    FDRE/C   n/a            0.500         5.000       4.500      SLICE_X2Y22  letter_correct_reg/C
High Pulse Width  Fast    FDRE/C   n/a            0.500         5.000       4.500      SLICE_X2Y22  letter_correct_reg/C
High Pulse Width  Slow    FDRE/C   n/a            0.500         5.000       4.500      SLICE_X2Y22  letter_repeated_reg/C
High Pulse Width  Fast    FDRE/C   n/a            0.500         5.000       4.500      SLICE_X2Y22  letter_repeated_reg/C
High Pulse Width  Slow    FDRE/C   n/a            0.500         5.000       4.500      SLICE_X3Y25  revealed_word_reg[0]/C



--------------------------------------------------------------------------------------
Path Group:  (none)
From Clock:  clk
  To Clock:

Max Delay            92 Endpoints
Min Delay            92 Endpoints
--------------------------------------------------------------------------------------


Max Delay Paths
--------------------------------------------------------------------------------------
Slack:                    inf
  Source:                 letter_correct_reg/C
                            (rising edge-triggered cell FDRE clocked by clk  {rise@0.000ns fall@5.000ns period=10.000ns})
  Destination:            letter_correct
                            (output port)
  Path Group:             (none)
  Path Type:              Max at Slow Process Corner
  Data Path Delay:        1.491ns  (logic 0.518ns (34.742%)  route 0.973ns (65.258%))
  Logic Levels:           0
  Clock Uncertainty:      0.025ns  ((TSJ^2 + TIJ^2)^1/2 + DJ) / 2 + PE
    Total System Jitter     (TSJ):    0.050ns
    Total Input Jitter      (TIJ):    0.000ns
    Discrete Jitter          (DJ):    0.000ns
    Phase Error              (PE):    0.000ns

    Location             Delay type                Incr(ns)  Path(ns)    Netlist Resource(s)
  -------------------------------------------------------------------    -------------------
                         (clock clk rise edge)        0.000     0.000 r  <hidden>
                                                      0.000     0.000 r  clk
                         net (fo=201, unset)          0.973     0.973    clk
    SLICE_X2Y22          FDRE                                         r  letter_correct_reg/C
  -------------------------------------------------------------------    -------------------
    SLICE_X2Y22          FDRE (Prop_fdre_C_Q)         0.518     1.491 r  letter_correct_reg/Q
                         net (fo=0)                   0.973     2.464    letter_correct
                                                                      r  letter_correct
  -------------------------------------------------------------------    -------------------

Slack:                    inf
  Source:                 letter_repeated_reg/C
                            (rising edge-triggered cell FDRE clocked by clk  {rise@0.000ns fall@5.000ns period=10.000ns})
  Destination:            letter_repeated
                            (output port)
  Path Group:             (none)
  Path Type:              Max at Slow Process Corner
  Data Path Delay:        1.491ns  (logic 0.518ns (34.742%)  route 0.973ns (65.258%))
  Logic Levels:           0
  Clock Uncertainty:      0.025ns  ((TSJ^2 + TIJ^2)^1/2 + DJ) / 2 + PE
    Total System Jitter     (TSJ):    0.050ns
    Total Input Jitter      (TIJ):    0.000ns
    Discrete Jitter          (DJ):    0.000ns
    Phase Error              (PE):    0.000ns

    Location             Delay type                Incr(ns)  Path(ns)    Netlist Resource(s)
  -------------------------------------------------------------------    -------------------
                         (clock clk rise edge)        0.000     0.000 r  <hidden>
                                                      0.000     0.000 r  clk
                         net (fo=201, unset)          0.973     0.973    clk
    SLICE_X2Y22          FDRE                                         r  letter_repeated_reg/C
  -------------------------------------------------------------------    -------------------
    SLICE_X2Y22          FDRE (Prop_fdre_C_Q)         0.518     1.491 r  letter_repeated_reg/Q
                         net (fo=0)                   0.973     2.464    letter_repeated
                                                                      r  letter_repeated
  -------------------------------------------------------------------    -------------------

Slack:                    inf
  Source:                 revealed_word_reg[12]/C
                            (rising edge-triggered cell FDRE clocked by clk  {rise@0.000ns fall@5.000ns period=10.000ns})
  Destination:            revealed_word[12]
                            (output port)
  Path Group:             (none)
  Path Type:              Max at Slow Process Corner
  Data Path Delay:        1.491ns  (logic 0.518ns (34.742%)  route 0.973ns (65.258%))
  Logic Levels:           0
  Clock Uncertainty:      0.025ns  ((TSJ^2 + TIJ^2)^1/2 + DJ) / 2 + PE
    Total System Jitter     (TSJ):    0.050ns
    Total Input Jitter      (TIJ):    0.000ns
    Discrete Jitter          (DJ):    0.000ns
    Phase Error              (PE):    0.000ns

    Location             Delay type                Incr(ns)  Path(ns)    Netlist Resource(s)
  -------------------------------------------------------------------    -------------------
                         (clock clk rise edge)        0.000     0.000 r  <hidden>
                                                      0.000     0.000 r  clk
                         net (fo=201, unset)          0.973     0.973    clk
    SLICE_X6Y19          FDRE                                         r  revealed_word_reg[12]/C
  -------------------------------------------------------------------    -------------------
    SLICE_X6Y19          FDRE (Prop_fdre_C_Q)         0.518     1.491 r  revealed_word_reg[12]/Q
                         net (fo=2, unset)            0.973     2.464    revealed_word[12]
                                                                      r  revealed_word[12]
  -------------------------------------------------------------------    -------------------

Slack:                    inf
  Source:                 revealed_word_reg[13]/C
                            (rising edge-triggered cell FDSE clocked by clk  {rise@0.000ns fall@5.000ns period=10.000ns})
  Destination:            revealed_word[13]
                            (output port)
  Path Group:             (none)
  Path Type:              Max at Slow Process Corner
  Data Path Delay:        1.491ns  (logic 0.518ns (34.742%)  route 0.973ns (65.258%))
  Logic Levels:           0
  Clock Uncertainty:      0.025ns  ((TSJ^2 + TIJ^2)^1/2 + DJ) / 2 + PE
    Total System Jitter     (TSJ):    0.050ns
    Total Input Jitter      (TIJ):    0.000ns
    Discrete Jitter          (DJ):    0.000ns
    Phase Error              (PE):    0.000ns

    Location             Delay type                Incr(ns)  Path(ns)    Netlist Resource(s)
  -------------------------------------------------------------------    -------------------
                         (clock clk rise edge)        0.000     0.000 r  <hidden>
                                                      0.000     0.000 r  clk
                         net (fo=201, unset)          0.973     0.973    clk
    SLICE_X6Y19          FDSE                                         r  revealed_word_reg[13]/C
  -------------------------------------------------------------------    -------------------
    SLICE_X6Y19          FDSE (Prop_fdse_C_Q)         0.518     1.491 r  revealed_word_reg[13]/Q
                         net (fo=2, unset)            0.973     2.464    revealed_word[13]
                                                                      r  revealed_word[13]
  -------------------------------------------------------------------    -------------------

Slack:                    inf
  Source:                 revealed_word_reg[20]/C
                            (rising edge-triggered cell FDRE clocked by clk  {rise@0.000ns fall@5.000ns period=10.000ns})
  Destination:            revealed_word[20]
                            (output port)
  Path Group:             (none)
  Path Type:              Max at Slow Process Corner
  Data Path Delay:        1.491ns  (logic 0.518ns (34.742%)  route 0.973ns (65.258%))
  Logic Levels:           0
  Clock Uncertainty:      0.025ns  ((TSJ^2 + TIJ^2)^1/2 + DJ) / 2 + PE
    Total System Jitter     (TSJ):    0.050ns
    Total Input Jitter      (TIJ):    0.000ns
    Discrete Jitter          (DJ):    0.000ns
    Phase Error              (PE):    0.000ns

    Location             Delay type                Incr(ns)  Path(ns)    Netlist Resource(s)
  -------------------------------------------------------------------    -------------------
                         (clock clk rise edge)        0.000     0.000 r  <hidden>
                                                      0.000     0.000 r  clk
                         net (fo=201, unset)          0.973     0.973    clk
    SLICE_X2Y18          FDRE                                         r  revealed_word_reg[20]/C
  -------------------------------------------------------------------    -------------------
    SLICE_X2Y18          FDRE (Prop_fdre_C_Q)         0.518     1.491 r  revealed_word_reg[20]/Q
                         net (fo=2, unset)            0.973     2.464    revealed_word[20]
                                                                      r  revealed_word[20]
  -------------------------------------------------------------------    -------------------





Min Delay Paths
--------------------------------------------------------------------------------------
Slack:                    inf
  Source:                 word_length_reg[0]/C
                            (rising edge-triggered cell FDRE clocked by clk  {rise@0.000ns fall@5.000ns period=10.000ns})
  Destination:            word_length[0]
                            (output port)
  Path Group:             (none)
  Path Type:              Min at Fast Process Corner
  Data Path Delay:        0.538ns  (logic 0.128ns (23.786%)  route 0.410ns (76.214%))
  Logic Levels:           0
  Clock Uncertainty:      0.025ns  ((TSJ^2 + TIJ^2)^1/2 + DJ) / 2 + PE
    Total System Jitter     (TSJ):    0.050ns
    Total Input Jitter      (TIJ):    0.000ns
    Discrete Jitter          (DJ):    0.000ns
    Phase Error              (PE):    0.000ns

    Location             Delay type                Incr(ns)  Path(ns)    Netlist Resource(s)
  -------------------------------------------------------------------    -------------------
                         (clock clk rise edge)        0.000     0.000 r  <hidden>
                                                      0.000     0.000 r  clk
                         net (fo=201, unset)          0.410     0.410    clk
    SLICE_X3Y22          FDRE                                         r  word_length_reg[0]/C
  -------------------------------------------------------------------    -------------------
    SLICE_X3Y22          FDRE (Prop_fdre_C_Q)         0.128     0.538 r  word_length_reg[0]/Q
                         net (fo=8, unset)            0.410     0.948    word_length[0]
                                                                      r  word_length[0]
  -------------------------------------------------------------------    -------------------

Slack:                    inf
  Source:                 word_length_reg[1]/C
                            (rising edge-triggered cell FDRE clocked by clk  {rise@0.000ns fall@5.000ns period=10.000ns})
  Destination:            word_length[1]
                            (output port)
  Path Group:             (none)
  Path Type:              Min at Fast Process Corner
  Data Path Delay:        0.538ns  (logic 0.128ns (23.786%)  route 0.410ns (76.214%))
  Logic Levels:           0
  Clock Uncertainty:      0.025ns  ((TSJ^2 + TIJ^2)^1/2 + DJ) / 2 + PE
    Total System Jitter     (TSJ):    0.050ns
    Total Input Jitter      (TIJ):    0.000ns
    Discrete Jitter          (DJ):    0.000ns
    Phase Error              (PE):    0.000ns

    Location             Delay type                Incr(ns)  Path(ns)    Netlist Resource(s)
  -------------------------------------------------------------------    -------------------
                         (clock clk rise edge)        0.000     0.000 r  <hidden>
                                                      0.000     0.000 r  clk
                         net (fo=201, unset)          0.410     0.410    clk
    SLICE_X3Y22          FDRE                                         r  word_length_reg[1]/C
  -------------------------------------------------------------------    -------------------
    SLICE_X3Y22          FDRE (Prop_fdre_C_Q)         0.128     0.538 r  word_length_reg[1]/Q
                         net (fo=12, unset)           0.410     0.948    word_length[1]
                                                                      r  word_length[1]
  -------------------------------------------------------------------    -------------------

Slack:                    inf
  Source:                 revealed_word_reg[0]/C
                            (rising edge-triggered cell FDRE clocked by clk  {rise@0.000ns fall@5.000ns period=10.000ns})
  Destination:            revealed_word[0]
                            (output port)
  Path Group:             (none)
  Path Type:              Min at Fast Process Corner
  Data Path Delay:        0.551ns  (logic 0.141ns (25.583%)  route 0.410ns (74.417%))
  Logic Levels:           0
  Clock Uncertainty:      0.025ns  ((TSJ^2 + TIJ^2)^1/2 + DJ) / 2 + PE
    Total System Jitter     (TSJ):    0.050ns
    Total Input Jitter      (TIJ):    0.000ns
    Discrete Jitter          (DJ):    0.000ns
    Phase Error              (PE):    0.000ns

    Location             Delay type                Incr(ns)  Path(ns)    Netlist Resource(s)
  -------------------------------------------------------------------    -------------------
                         (clock clk rise edge)        0.000     0.000 r  <hidden>
                                                      0.000     0.000 r  clk
                         net (fo=201, unset)          0.410     0.410    clk
    SLICE_X3Y25          FDRE                                         r  revealed_word_reg[0]/C
  -------------------------------------------------------------------    -------------------
    SLICE_X3Y25          FDRE (Prop_fdre_C_Q)         0.141     0.551 r  revealed_word_reg[0]/Q
                         net (fo=2, unset)            0.410     0.961    revealed_word[0]
                                                                      r  revealed_word[0]
  -------------------------------------------------------------------    -------------------

Slack:                    inf
  Source:                 revealed_word_reg[10]/C
                            (rising edge-triggered cell FDRE clocked by clk  {rise@0.000ns fall@5.000ns period=10.000ns})
  Destination:            revealed_word[10]
                            (output port)
  Path Group:             (none)
  Path Type:              Min at Fast Process Corner
  Data Path Delay:        0.551ns  (logic 0.141ns (25.583%)  route 0.410ns (74.417%))
  Logic Levels:           0
  Clock Uncertainty:      0.025ns  ((TSJ^2 + TIJ^2)^1/2 + DJ) / 2 + PE
    Total System Jitter     (TSJ):    0.050ns
    Total Input Jitter      (TIJ):    0.000ns
    Discrete Jitter          (DJ):    0.000ns
    Phase Error              (PE):    0.000ns

    Location             Delay type                Incr(ns)  Path(ns)    Netlist Resource(s)
  -------------------------------------------------------------------    -------------------
                         (clock clk rise edge)        0.000     0.000 r  <hidden>
                                                      0.000     0.000 r  clk
                         net (fo=201, unset)          0.410     0.410    clk
    SLICE_X5Y20          FDRE                                         r  revealed_word_reg[10]/C
  -------------------------------------------------------------------    -------------------
    SLICE_X5Y20          FDRE (Prop_fdre_C_Q)         0.141     0.551 r  revealed_word_reg[10]/Q
                         net (fo=2, unset)            0.410     0.961    revealed_word[10]
                                                                      r  revealed_word[10]
  -------------------------------------------------------------------    -------------------

Slack:                    inf
  Source:                 revealed_word_reg[11]/C
                            (rising edge-triggered cell FDRE clocked by clk  {rise@0.000ns fall@5.000ns period=10.000ns})
  Destination:            revealed_word[11]
                            (output port)
  Path Group:             (none)
  Path Type:              Min at Fast Process Corner
  Data Path Delay:        0.551ns  (logic 0.141ns (25.583%)  route 0.410ns (74.417%))
  Logic Levels:           0
  Clock Uncertainty:      0.025ns  ((TSJ^2 + TIJ^2)^1/2 + DJ) / 2 + PE
    Total System Jitter     (TSJ):    0.050ns
    Total Input Jitter      (TIJ):    0.000ns
    Discrete Jitter          (DJ):    0.000ns
    Phase Error              (PE):    0.000ns

    Location             Delay type                Incr(ns)  Path(ns)    Netlist Resource(s)
  -------------------------------------------------------------------    -------------------
                         (clock clk rise edge)        0.000     0.000 r  <hidden>
                                                      0.000     0.000 r  clk
                         net (fo=201, unset)          0.410     0.410    clk
    SLICE_X5Y21          FDRE                                         r  revealed_word_reg[11]/C
  -------------------------------------------------------------------    -------------------
    SLICE_X5Y21          FDRE (Prop_fdre_C_Q)         0.141     0.551 r  revealed_word_reg[11]/Q
                         net (fo=2, unset)            0.410     0.961    revealed_word[11]
                                                                      r  revealed_word[11]
  -------------------------------------------------------------------    -------------------





--------------------------------------------------------------------------------------
Path Group:  (none)
From Clock:
  To Clock:  clk

Max Delay           425 Endpoints
Min Delay           425 Endpoints
--------------------------------------------------------------------------------------


Max Delay Paths
--------------------------------------------------------------------------------------
Slack:                    inf
  Source:                 letter_ascii[1]
                            (input port)
  Destination:            word_complete_reg/D
                            (rising edge-triggered cell FDRE clocked by clk  {rise@0.000ns fall@5.000ns period=10.000ns})
  Path Group:             (none)
  Path Type:              Setup (Max at Slow Process Corner)
  Data Path Delay:        8.115ns  (logic 1.883ns (23.205%)  route 6.232ns (76.795%))
  Logic Levels:           8  (LUT2=1 LUT3=1 LUT4=1 LUT6=4 MUXF7=1)
  Clock Path Skew:        0.924ns (DCD - SCD + CPR)
    Destination Clock Delay (DCD):    0.924ns
    Source Clock Delay      (SCD):    0.000ns
    Clock Pessimism Removal (CPR):    0.000ns
  Clock Uncertainty:      0.025ns  ((TSJ^2 + TIJ^2)^1/2 + DJ) / 2 + PE
    Total System Jitter     (TSJ):    0.050ns
    Total Input Jitter      (TIJ):    0.000ns
    Discrete Jitter          (DJ):    0.000ns
    Phase Error              (PE):    0.000ns

    Location             Delay type                Incr(ns)  Path(ns)    Netlist Resource(s)
  -------------------------------------------------------------------    -------------------
                                                      0.000     0.000 r  letter_ascii[1]
                         net (fo=72, unset)           0.973     0.973    random_source/letter_ascii[1]
    SLICE_X9Y21          LUT2 (Prop_lut2_I1_O)        0.150     1.123 r  random_source/letter_repeated_i_8/O
                         net (fo=1, routed)           1.407     2.530    random_source/letter_repeated_i_8_n_0
    SLICE_X2Y28          LUT6 (Prop_lut6_I3_O)        0.332     2.862 f  random_source/letter_repeated_i_4/O
                         net (fo=1, routed)           0.000     2.862    random_source/letter_repeated_i_4_n_0
    SLICE_X2Y28          MUXF7 (Prop_muxf7_I0_O)      0.209     3.071 f  random_source/letter_repeated_reg_i_2/O
                         net (fo=18, routed)          0.838     3.908    random_source/letter_ascii_4_sn_1
    SLICE_X2Y21          LUT3 (Prop_lut3_I0_O)        0.289     4.197 r  random_source/revealed_word[50]_i_2/O
                         net (fo=13, routed)          0.679     4.877    random_source/revealed_word[50]_i_2_n_0
    SLICE_X1Y20          LUT4 (Prop_lut4_I2_O)        0.323     5.200 r  random_source/word_complete_i_74/O
                         net (fo=1, routed)           1.038     6.238    random_source/word_complete_i_74_n_0
    SLICE_X1Y20          LUT6 (Prop_lut6_I3_O)        0.332     6.570 r  random_source/word_complete_i_22/O
                         net (fo=1, routed)           0.609     7.179    random_source/word_complete_i_22_n_0
    SLICE_X4Y20          LUT6 (Prop_lut6_I1_O)        0.124     7.303 f  random_source/word_complete_i_5/O
                         net (fo=1, routed)           0.688     7.991    random_source/word_complete_i_5_n_0
    SLICE_X5Y24          LUT6 (Prop_lut6_I3_O)        0.124     8.115 r  random_source/word_complete_i_1/O
                         net (fo=1, routed)           0.000     8.115    random_source_n_184
    SLICE_X5Y24          FDRE                                         r  word_complete_reg/D
  -------------------------------------------------------------------    -------------------

                         (clock clk rise edge)        0.000     0.000 r  <hidden>
                                                      0.000     0.000 r  clk
                         net (fo=201, unset)          0.924     0.924    clk
    SLICE_X5Y24          FDRE                                         r  word_complete_reg/C

Slack:                    inf
  Source:                 letter_ascii[1]
                            (input port)
  Destination:            revealed_word_reg[11]/D
                            (rising edge-triggered cell FDRE clocked by clk  {rise@0.000ns fall@5.000ns period=10.000ns})
  Path Group:             (none)
  Path Type:              Setup (Max at Slow Process Corner)
  Data Path Delay:        6.722ns  (logic 1.467ns (21.823%)  route 5.255ns (78.177%))
  Logic Levels:           6  (LUT2=1 LUT3=2 LUT5=1 LUT6=1 MUXF7=1)
  Clock Path Skew:        0.924ns (DCD - SCD + CPR)
    Destination Clock Delay (DCD):    0.924ns
    Source Clock Delay      (SCD):    0.000ns
    Clock Pessimism Removal (CPR):    0.000ns
  Clock Uncertainty:      0.025ns  ((TSJ^2 + TIJ^2)^1/2 + DJ) / 2 + PE
    Total System Jitter     (TSJ):    0.050ns
    Total Input Jitter      (TIJ):    0.000ns
    Discrete Jitter          (DJ):    0.000ns
    Phase Error              (PE):    0.000ns

    Location             Delay type                Incr(ns)  Path(ns)    Netlist Resource(s)
  -------------------------------------------------------------------    -------------------
                                                      0.000     0.000 r  letter_ascii[1]
                         net (fo=72, unset)           0.973     0.973    random_source/letter_ascii[1]
    SLICE_X9Y21          LUT2 (Prop_lut2_I1_O)        0.150     1.123 r  random_source/letter_repeated_i_8/O
                         net (fo=1, routed)           1.407     2.530    random_source/letter_repeated_i_8_n_0
    SLICE_X2Y28          LUT6 (Prop_lut6_I3_O)        0.332     2.862 f  random_source/letter_repeated_i_4/O
                         net (fo=1, routed)           0.000     2.862    random_source/letter_repeated_i_4_n_0
    SLICE_X2Y28          MUXF7 (Prop_muxf7_I0_O)      0.209     3.071 f  random_source/letter_repeated_reg_i_2/O
                         net (fo=18, routed)          1.009     4.079    random_source/letter_ascii_4_sn_1
    SLICE_X5Y20          LUT3 (Prop_lut3_I2_O)        0.292     4.371 r  random_source/revealed_word[14]_i_2/O
                         net (fo=12, routed)          0.722     5.094    random_source/revealed_word[14]_i_2_n_0
    SLICE_X4Y20          LUT3 (Prop_lut3_I1_O)        0.332     5.426 f  random_source/revealed_word[11]_i_2/O
                         net (fo=1, routed)           0.639     6.065    random_source/revealed_word[11]_i_2_n_0
    SLICE_X5Y21          LUT5 (Prop_lut5_I3_O)        0.152     6.217 r  random_source/revealed_word[11]_i_1/O
                         net (fo=1, routed)           0.506     6.722    random_source_n_75
    SLICE_X5Y21          FDRE                                         r  revealed_word_reg[11]/D
  -------------------------------------------------------------------    -------------------

                         (clock clk rise edge)        0.000     0.000 r  <hidden>
                                                      0.000     0.000 r  clk
                         net (fo=201, unset)          0.924     0.924    clk
    SLICE_X5Y21          FDRE                                         r  revealed_word_reg[11]/C

Slack:                    inf
  Source:                 letter_ascii[1]
                            (input port)
  Destination:            revealed_word_reg[36]/D
                            (rising edge-triggered cell FDRE clocked by clk  {rise@0.000ns fall@5.000ns period=10.000ns})
  Path Group:             (none)
  Path Type:              Setup (Max at Slow Process Corner)
  Data Path Delay:        6.534ns  (logic 1.488ns (22.775%)  route 5.046ns (77.225%))
  Logic Levels:           6  (LUT2=1 LUT3=2 LUT6=2 MUXF7=1)
  Clock Path Skew:        0.924ns (DCD - SCD + CPR)
    Destination Clock Delay (DCD):    0.924ns
    Source Clock Delay      (SCD):    0.000ns
    Clock Pessimism Removal (CPR):    0.000ns
  Clock Uncertainty:      0.025ns  ((TSJ^2 + TIJ^2)^1/2 + DJ) / 2 + PE
    Total System Jitter     (TSJ):    0.050ns
    Total Input Jitter      (TIJ):    0.000ns
    Discrete Jitter          (DJ):    0.000ns
    Phase Error              (PE):    0.000ns

    Location             Delay type                Incr(ns)  Path(ns)    Netlist Resource(s)
  -------------------------------------------------------------------    -------------------
                                                      0.000     0.000 r  letter_ascii[1]
                         net (fo=72, unset)           0.973     0.973    random_source/letter_ascii[1]
    SLICE_X9Y21          LUT2 (Prop_lut2_I1_O)        0.150     1.123 r  random_source/letter_repeated_i_8/O
                         net (fo=1, routed)           1.407     2.530    random_source/letter_repeated_i_8_n_0
    SLICE_X2Y28          LUT6 (Prop_lut6_I3_O)        0.332     2.862 f  random_source/letter_repeated_i_4/O
                         net (fo=1, routed)           0.000     2.862    random_source/letter_repeated_i_4_n_0
    SLICE_X2Y28          MUXF7 (Prop_muxf7_I0_O)      0.209     3.071 f  random_source/letter_repeated_reg_i_2/O
                         net (fo=18, routed)          0.934     4.005    random_source/letter_ascii_4_sn_1
    SLICE_X6Y18          LUT3 (Prop_lut3_I2_O)        0.297     4.302 r  random_source/revealed_word[34]_i_2/O
                         net (fo=12, routed)          1.146     5.448    random_source/revealed_word[34]_i_2_n_0
    SLICE_X6Y19          LUT3 (Prop_lut3_I1_O)        0.152     5.600 r  random_source/revealed_word[36]_i_2/O
                         net (fo=1, routed)           0.586     6.186    random_source/revealed_word[36]_i_2_n_0
    SLICE_X8Y19          LUT6 (Prop_lut6_I0_O)        0.348     6.534 r  random_source/revealed_word[36]_i_1/O
                         net (fo=1, routed)           0.000     6.534    random_source_n_53
    SLICE_X8Y19          FDRE                                         r  revealed_word_reg[36]/D
  -------------------------------------------------------------------    -------------------

                         (clock clk rise edge)        0.000     0.000 r  <hidden>
                                                      0.000     0.000 r  clk
                         net (fo=201, unset)          0.924     0.924    clk
    SLICE_X8Y19          FDRE                                         r  revealed_word_reg[36]/C

Slack:                    inf
  Source:                 letter_ascii[1]
                            (input port)
  Destination:            revealed_word_reg[66]/D
                            (rising edge-triggered cell FDRE clocked by clk  {rise@0.000ns fall@5.000ns period=10.000ns})
  Path Group:             (none)
  Path Type:              Setup (Max at Slow Process Corner)
  Data Path Delay:        6.405ns  (logic 1.469ns (22.937%)  route 4.936ns (77.063%))
  Logic Levels:           6  (LUT2=2 LUT4=1 LUT6=2 MUXF7=1)
  Clock Path Skew:        0.924ns (DCD - SCD + CPR)
    Destination Clock Delay (DCD):    0.924ns
    Source Clock Delay      (SCD):    0.000ns
    Clock Pessimism Removal (CPR):    0.000ns
  Clock Uncertainty:      0.025ns  ((TSJ^2 + TIJ^2)^1/2 + DJ) / 2 + PE
    Total System Jitter     (TSJ):    0.050ns
    Total Input Jitter      (TIJ):    0.000ns
    Discrete Jitter          (DJ):    0.000ns
    Phase Error              (PE):    0.000ns

    Location             Delay type                Incr(ns)  Path(ns)    Netlist Resource(s)
  -------------------------------------------------------------------    -------------------
                                                      0.000     0.000 r  letter_ascii[1]
                         net (fo=72, unset)           0.973     0.973    random_source/letter_ascii[1]
    SLICE_X9Y21          LUT2 (Prop_lut2_I1_O)        0.150     1.123 r  random_source/letter_repeated_i_8/O
                         net (fo=1, routed)           1.407     2.530    random_source/letter_repeated_i_8_n_0
    SLICE_X2Y28          LUT6 (Prop_lut6_I3_O)        0.332     2.862 r  random_source/letter_repeated_i_4/O
                         net (fo=1, routed)           0.000     2.862    random_source/letter_repeated_i_4_n_0
    SLICE_X2Y28          MUXF7 (Prop_muxf7_I0_O)      0.209     3.071 r  random_source/letter_repeated_reg_i_2/O
                         net (fo=18, routed)          1.065     4.136    random_source/letter_ascii_4_sn_1
    SLICE_X9Y22          LUT2 (Prop_lut2_I0_O)        0.297     4.433 r  random_source/revealed_word[86]_i_3/O
                         net (fo=31, routed)          1.327     5.759    random_source/revealed_word[86]_i_3_n_0
    SLICE_X4Y23          LUT4 (Prop_lut4_I0_O)        0.149     5.908 r  random_source/revealed_word[66]_i_2/O
                         net (fo=1, routed)           0.164     6.073    random_source/revealed_word[66]_i_2_n_0
    SLICE_X4Y23          LUT6 (Prop_lut6_I0_O)        0.332     6.405 r  random_source/revealed_word[66]_i_1/O
                         net (fo=1, routed)           0.000     6.405    random_source_n_27
    SLICE_X4Y23          FDRE                                         r  revealed_word_reg[66]/D
  -------------------------------------------------------------------    -------------------

                         (clock clk rise edge)        0.000     0.000 r  <hidden>
                                                      0.000     0.000 r  clk
                         net (fo=201, unset)          0.924     0.924    clk
    SLICE_X4Y23          FDRE                                         r  revealed_word_reg[66]/C

Slack:                    inf
  Source:                 letter_ascii[1]
                            (input port)
  Destination:            revealed_word_reg[52]/D
                            (rising edge-triggered cell FDRE clocked by clk  {rise@0.000ns fall@5.000ns period=10.000ns})
  Path Group:             (none)
  Path Type:              Setup (Max at Slow Process Corner)
  Data Path Delay:        6.388ns  (logic 1.684ns (26.361%)  route 4.704ns (73.639%))
  Logic Levels:           6  (LUT2=1 LUT3=2 LUT6=2 MUXF7=1)
  Clock Path Skew:        0.924ns (DCD - SCD + CPR)
    Destination Clock Delay (DCD):    0.924ns
    Source Clock Delay      (SCD):    0.000ns
    Clock Pessimism Removal (CPR):    0.000ns
  Clock Uncertainty:      0.025ns  ((TSJ^2 + TIJ^2)^1/2 + DJ) / 2 + PE
    Total System Jitter     (TSJ):    0.050ns
    Total Input Jitter      (TIJ):    0.000ns
    Discrete Jitter          (DJ):    0.000ns
    Phase Error              (PE):    0.000ns

    Location             Delay type                Incr(ns)  Path(ns)    Netlist Resource(s)
  -------------------------------------------------------------------    -------------------
                                                      0.000     0.000 r  letter_ascii[1]
                         net (fo=72, unset)           0.973     0.973    random_source/letter_ascii[1]
    SLICE_X9Y21          LUT2 (Prop_lut2_I1_O)        0.150     1.123 r  random_source/letter_repeated_i_8/O
                         net (fo=1, routed)           1.407     2.530    random_source/letter_repeated_i_8_n_0
    SLICE_X2Y28          LUT6 (Prop_lut6_I3_O)        0.332     2.862 f  random_source/letter_repeated_i_4/O
                         net (fo=1, routed)           0.000     2.862    random_source/letter_repeated_i_4_n_0
    SLICE_X2Y28          MUXF7 (Prop_muxf7_I0_O)      0.209     3.071 f  random_source/letter_repeated_reg_i_2/O
                         net (fo=18, routed)          0.838     3.908    random_source/letter_ascii_4_sn_1
    SLICE_X2Y21          LUT3 (Prop_lut3_I0_O)        0.289     4.197 r  random_source/revealed_word[50]_i_2/O
                         net (fo=13, routed)          1.201     5.398    random_source/revealed_word[50]_i_2_n_0
    SLICE_X2Y18          LUT3 (Prop_lut3_I1_O)        0.356     5.754 r  random_source/revealed_word[52]_i_2/O
                         net (fo=1, routed)           0.286     6.040    random_source/revealed_word[52]_i_2_n_0
    SLICE_X2Y18          LUT6 (Prop_lut6_I0_O)        0.348     6.388 r  random_source/revealed_word[52]_i_1/O
                         net (fo=1, routed)           0.000     6.388    random_source_n_39
    SLICE_X2Y18          FDRE                                         r  revealed_word_reg[52]/D
  -------------------------------------------------------------------    -------------------

                         (clock clk rise edge)        0.000     0.000 r  <hidden>
                                                      0.000     0.000 r  clk
                         net (fo=201, unset)          0.924     0.924    clk
    SLICE_X2Y18          FDRE                                         r  revealed_word_reg[52]/C





Min Delay Paths
--------------------------------------------------------------------------------------
Slack:                    inf
  Source:                 letter_valid
                            (input port)
  Destination:            letter_repeated_reg/D
                            (rising edge-triggered cell FDRE clocked by clk  {rise@0.000ns fall@5.000ns period=10.000ns})
  Path Group:             (none)
  Path Type:              Hold (Min at Fast Process Corner)
  Data Path Delay:        0.455ns  (logic 0.045ns (9.887%)  route 0.410ns (90.113%))
  Logic Levels:           1  (LUT6=1)
  Clock Path Skew:        0.432ns (DCD - SCD - CPR)
    Destination Clock Delay (DCD):    0.432ns
    Source Clock Delay      (SCD):    0.000ns
    Clock Pessimism Removal (CPR):    -0.000ns

    Location             Delay type                Incr(ns)  Path(ns)    Netlist Resource(s)
  -------------------------------------------------------------------    -------------------
                                                      0.000     0.000 r  letter_valid
                         net (fo=3, unset)            0.410     0.410    letter_valid
    SLICE_X2Y22          LUT6 (Prop_lut6_I3_O)        0.045     0.455 r  letter_repeated_i_1/O
                         net (fo=1, routed)           0.000     0.455    letter_repeated_i_1_n_0
    SLICE_X2Y22          FDRE                                         r  letter_repeated_reg/D
  -------------------------------------------------------------------    -------------------

                         (clock clk rise edge)        0.000     0.000 r  <hidden>
                                                      0.000     0.000 r  clk
                         net (fo=201, unset)          0.432     0.432    clk
    SLICE_X2Y22          FDRE                                         r  letter_repeated_reg/C

Slack:                    inf
  Source:                 letter_ascii[2]
                            (input port)
  Destination:            revealed_word_reg[10]/D
                            (rising edge-triggered cell FDRE clocked by clk  {rise@0.000ns fall@5.000ns period=10.000ns})
  Path Group:             (none)
  Path Type:              Hold (Min at Fast Process Corner)
  Data Path Delay:        0.455ns  (logic 0.045ns (9.887%)  route 0.410ns (90.113%))
  Logic Levels:           1  (LUT5=1)
  Clock Path Skew:        0.432ns (DCD - SCD - CPR)
    Destination Clock Delay (DCD):    0.432ns
    Source Clock Delay      (SCD):    0.000ns
    Clock Pessimism Removal (CPR):    -0.000ns

    Location             Delay type                Incr(ns)  Path(ns)    Netlist Resource(s)
  -------------------------------------------------------------------    -------------------
                                                      0.000     0.000 r  letter_ascii[2]
                         net (fo=76, unset)           0.410     0.410    random_source/letter_ascii[2]
    SLICE_X5Y20          LUT5 (Prop_lut5_I1_O)        0.045     0.455 r  random_source/revealed_word[10]_i_1/O
                         net (fo=1, routed)           0.000     0.455    random_source_n_76
    SLICE_X5Y20          FDRE                                         r  revealed_word_reg[10]/D
  -------------------------------------------------------------------    -------------------

                         (clock clk rise edge)        0.000     0.000 r  <hidden>
                                                      0.000     0.000 r  clk
                         net (fo=201, unset)          0.432     0.432    clk
    SLICE_X5Y20          FDRE                                         r  revealed_word_reg[10]/C

Slack:                    inf
  Source:                 letter_ascii[0]
                            (input port)
  Destination:            revealed_word_reg[16]/D
                            (rising edge-triggered cell FDRE clocked by clk  {rise@0.000ns fall@5.000ns period=10.000ns})
  Path Group:             (none)
  Path Type:              Hold (Min at Fast Process Corner)
  Data Path Delay:        0.455ns  (logic 0.045ns (9.887%)  route 0.410ns (90.113%))
  Logic Levels:           1  (LUT5=1)
  Clock Path Skew:        0.432ns (DCD - SCD - CPR)
    Destination Clock Delay (DCD):    0.432ns
    Source Clock Delay      (SCD):    0.000ns
    Clock Pessimism Removal (CPR):    -0.000ns

    Location             Delay type                Incr(ns)  Path(ns)    Netlist Resource(s)
  -------------------------------------------------------------------    -------------------
                                                      0.000     0.000 r  letter_ascii[0]
                         net (fo=77, unset)           0.410     0.410    random_source/letter_ascii[0]
    SLICE_X3Y21          LUT5 (Prop_lut5_I1_O)        0.045     0.455 r  random_source/revealed_word[16]_i_1/O
                         net (fo=1, routed)           0.000     0.455    random_source_n_71
    SLICE_X3Y21          FDRE                                         r  revealed_word_reg[16]/D
  -------------------------------------------------------------------    -------------------

                         (clock clk rise edge)        0.000     0.000 r  <hidden>
                                                      0.000     0.000 r  clk
                         net (fo=201, unset)          0.432     0.432    clk
    SLICE_X3Y21          FDRE                                         r  revealed_word_reg[16]/C

Slack:                    inf
  Source:                 letter_ascii[1]
                            (input port)
  Destination:            revealed_word_reg[17]/D
                            (rising edge-triggered cell FDRE clocked by clk  {rise@0.000ns fall@5.000ns period=10.000ns})
  Path Group:             (none)
  Path Type:              Hold (Min at Fast Process Corner)
  Data Path Delay:        0.455ns  (logic 0.045ns (9.887%)  route 0.410ns (90.113%))
  Logic Levels:           1  (LUT5=1)
  Clock Path Skew:        0.432ns (DCD - SCD - CPR)
    Destination Clock Delay (DCD):    0.432ns
    Source Clock Delay      (SCD):    0.000ns
    Clock Pessimism Removal (CPR):    -0.000ns

    Location             Delay type                Incr(ns)  Path(ns)    Netlist Resource(s)
  -------------------------------------------------------------------    -------------------
                                                      0.000     0.000 r  letter_ascii[1]
                         net (fo=72, unset)           0.410     0.410    random_source/letter_ascii[1]
    SLICE_X3Y19          LUT5 (Prop_lut5_I1_O)        0.045     0.455 r  random_source/revealed_word[17]_i_1/O
                         net (fo=1, routed)           0.000     0.455    random_source_n_70
    SLICE_X3Y19          FDRE                                         r  revealed_word_reg[17]/D
  -------------------------------------------------------------------    -------------------

                         (clock clk rise edge)        0.000     0.000 r  <hidden>
                                                      0.000     0.000 r  clk
                         net (fo=201, unset)          0.432     0.432    clk
    SLICE_X3Y19          FDRE                                         r  revealed_word_reg[17]/C

Slack:                    inf
  Source:                 letter_ascii[2]
                            (input port)
  Destination:            revealed_word_reg[18]/D
                            (rising edge-triggered cell FDRE clocked by clk  {rise@0.000ns fall@5.000ns period=10.000ns})
  Path Group:             (none)
  Path Type:              Hold (Min at Fast Process Corner)
  Data Path Delay:        0.455ns  (logic 0.045ns (9.887%)  route 0.410ns (90.113%))
  Logic Levels:           1  (LUT5=1)
  Clock Path Skew:        0.432ns (DCD - SCD - CPR)
    Destination Clock Delay (DCD):    0.432ns
    Source Clock Delay      (SCD):    0.000ns
    Clock Pessimism Removal (CPR):    -0.000ns

    Location             Delay type                Incr(ns)  Path(ns)    Netlist Resource(s)
  -------------------------------------------------------------------    -------------------
                                                      0.000     0.000 r  letter_ascii[2]
                         net (fo=76, unset)           0.410     0.410    random_source/letter_ascii[2]
    SLICE_X4Y20          LUT5 (Prop_lut5_I0_O)        0.045     0.455 r  random_source/revealed_word[18]_i_1/O
                         net (fo=1, routed)           0.000     0.455    random_source_n_69
    SLICE_X4Y20          FDRE                                         r  revealed_word_reg[18]/D
  -------------------------------------------------------------------    -------------------

                         (clock clk rise edge)        0.000     0.000 r  <hidden>
                                                      0.000     0.000 r  clk
                         net (fo=201, unset)          0.432     0.432    clk
    SLICE_X4Y20          FDRE                                         r  revealed_word_reg[18]/C
